stm32l4xx_ll_utils.h:279:22:LL_InitTick	16	static
stm32l4xx_ll_rcc.h:2036:22:LL_RCC_HSE_EnableBypass	4	static
stm32l4xx_ll_rcc.h:2046:22:LL_RCC_HSE_DisableBypass	4	static
stm32l4xx_ll_rcc.h:2056:22:LL_RCC_HSE_Enable	4	static
stm32l4xx_ll_rcc.h:2076:26:LL_RCC_HSE_IsReady	4	static
stm32l4xx_ll_rcc.h:2125:22:LL_RCC_HSI_Enable	4	static
stm32l4xx_ll_rcc.h:2145:26:LL_RCC_HSI_IsReady	4	static
stm32l4xx_ll_rcc.h:2489:22:LL_RCC_MSI_Enable	4	static
stm32l4xx_ll_rcc.h:2509:26:LL_RCC_MSI_IsReady	4	static
stm32l4xx_ll_rcc.h:2558:26:LL_RCC_MSI_IsEnabledRangeSelect	4	static
stm32l4xx_ll_rcc.h:2603:26:LL_RCC_MSI_GetRange	4	static
stm32l4xx_ll_rcc.h:2632:26:LL_RCC_MSI_GetRangeAfterStandby	4	static
stm32l4xx_ll_rcc.h:2742:22:LL_RCC_SetSysClkSource	16	static
stm32l4xx_ll_rcc.h:2756:26:LL_RCC_GetSysClkSource	4	static
stm32l4xx_ll_rcc.h:2776:22:LL_RCC_SetAHBPrescaler	16	static
stm32l4xx_ll_rcc.h:2792:22:LL_RCC_SetAPB1Prescaler	16	static
stm32l4xx_ll_rcc.h:2808:22:LL_RCC_SetAPB2Prescaler	16	static
stm32l4xx_ll_rcc.h:3733:22:LL_RCC_PLL_Enable	4	static
stm32l4xx_ll_rcc.h:3754:26:LL_RCC_PLL_IsReady	4	static
stm32l4xx_ll_rcc.h:3800:22:LL_RCC_PLL_ConfigDomain_SYS	24	static
stm32l4xx_ll_rcc.h:4178:22:LL_RCC_PLL_EnableDomain_SYS	4	static
stm32l4xx_ll_rcc.h:4231:26:LL_RCC_PLLSAI1_IsReady	4	static
stm32l4xx_ll_rcc.h:4808:26:LL_RCC_PLLSAI2_IsReady	4	static
stm32l4xx_ll_system.h:1400:22:LL_FLASH_SetLatency	16	static
stm32l4xx_ll_system.h:1428:26:LL_FLASH_GetLatency	4	static
stm32l4xx_ll_pwr.h:356:26:LL_PWR_GetRegulVoltageScaling	4	static
stm32l4xx_ll_utils.c:171:6:LL_Init1msTick	16	static
stm32l4xx_ll_utils.c:187:6:LL_mDelay	24	static
stm32l4xx_ll_utils.c:279:6:LL_SetSystemCoreClock	16	static
stm32l4xx_ll_utils.c:293:13:LL_SetFlashLatency	24	static
stm32l4xx_ll_utils.c:445:13:LL_PLL_ConfigSystemClock_MSI	32	static
stm32l4xx_ll_utils.c:580:13:LL_PLL_ConfigSystemClock_HSI	24	static
stm32l4xx_ll_utils.c:670:13:LL_PLL_ConfigSystemClock_HSE	32	static
stm32l4xx_ll_utils.c:773:17:UTILS_GetPLLOutputFrequency	24	static
stm32l4xx_ll_utils.c:804:20:UTILS_PLL_IsBusy	16	static
stm32l4xx_ll_utils.c:845:20:UTILS_EnablePLLAndSwitchSystem	24	static
