stm32l4xx_ll_rcc.h:2046:22:LL_RCC_HSE_DisableBypass	4	static
stm32l4xx_ll_rcc.h:2145:26:LL_RCC_HSI_IsReady	4	static
stm32l4xx_ll_rcc.h:2191:22:LL_RCC_HSI_SetCalibTrimming	16	static
stm32l4xx_ll_rcc.h:2362:26:LL_RCC_LSE_IsReady	4	static
stm32l4xx_ll_rcc.h:2444:26:LL_RCC_LSI_IsReady	4	static
stm32l4xx_ll_rcc.h:2489:22:LL_RCC_MSI_Enable	4	static
stm32l4xx_ll_rcc.h:2509:26:LL_RCC_MSI_IsReady	4	static
stm32l4xx_ll_rcc.h:2558:26:LL_RCC_MSI_IsEnabledRangeSelect	4	static
stm32l4xx_ll_rcc.h:2581:22:LL_RCC_MSI_SetRange	16	static
stm32l4xx_ll_rcc.h:2603:26:LL_RCC_MSI_GetRange	4	static
stm32l4xx_ll_rcc.h:2632:26:LL_RCC_MSI_GetRangeAfterStandby	4	static
stm32l4xx_ll_rcc.h:2656:22:LL_RCC_MSI_SetCalibTrimming	16	static
stm32l4xx_ll_rcc.h:2756:26:LL_RCC_GetSysClkSource	4	static
stm32l4xx_ll_rcc.h:2827:26:LL_RCC_GetAHBPrescaler	4	static
stm32l4xx_ll_rcc.h:2842:26:LL_RCC_GetAPB1Prescaler	4	static
stm32l4xx_ll_rcc.h:2857:26:LL_RCC_GetAPB2Prescaler	4	static
stm32l4xx_ll_rcc.h:3288:26:LL_RCC_GetUSARTClockSource	16	static
stm32l4xx_ll_rcc.h:3310:26:LL_RCC_GetUARTClockSource	16	static
stm32l4xx_ll_rcc.h:3327:26:LL_RCC_GetLPUARTClockSource	16	static
stm32l4xx_ll_rcc.h:3358:26:LL_RCC_GetI2CClockSource	24	static
stm32l4xx_ll_rcc.h:3380:26:LL_RCC_GetLPTIMClockSource	16	static
stm32l4xx_ll_rcc.h:3410:26:LL_RCC_GetSAIClockSource	16	static
stm32l4xx_ll_rcc.h:3453:26:LL_RCC_GetSDMMCClockSource	16	static
stm32l4xx_ll_rcc.h:3473:26:LL_RCC_GetRNGClockSource	16	static
stm32l4xx_ll_rcc.h:3493:26:LL_RCC_GetUSBClockSource	16	static
stm32l4xx_ll_rcc.h:3512:26:LL_RCC_GetADCClockSource	16	static
stm32l4xx_ll_rcc.h:3532:26:LL_RCC_GetSWPMIClockSource	16	static
stm32l4xx_ll_rcc.h:3569:26:LL_RCC_GetDFSDMClockSource	16	static
stm32l4xx_ll_rcc.h:3754:26:LL_RCC_PLL_IsReady	4	static
stm32l4xx_ll_rcc.h:3992:26:LL_RCC_PLL_GetMainSource	4	static
stm32l4xx_ll_rcc.h:4002:26:LL_RCC_PLL_GetN	4	static
stm32l4xx_ll_rcc.h:4058:26:LL_RCC_PLL_GetP	4	static
stm32l4xx_ll_rcc.h:4075:26:LL_RCC_PLL_GetQ	4	static
stm32l4xx_ll_rcc.h:4090:26:LL_RCC_PLL_GetR	4	static
stm32l4xx_ll_rcc.h:4118:26:LL_RCC_PLL_GetDivider	4	static
stm32l4xx_ll_rcc.h:4231:26:LL_RCC_PLLSAI1_IsReady	4	static
stm32l4xx_ll_rcc.h:4588:26:LL_RCC_PLLSAI1_GetN	4	static
stm32l4xx_ll_rcc.h:4643:26:LL_RCC_PLLSAI1_GetP	4	static
stm32l4xx_ll_rcc.h:4659:26:LL_RCC_PLLSAI1_GetQ	4	static
stm32l4xx_ll_rcc.h:4674:26:LL_RCC_PLLSAI1_GetR	4	static
stm32l4xx_ll_rcc.h:4808:26:LL_RCC_PLLSAI2_IsReady	4	static
stm32l4xx_ll_rcc.h:5133:26:LL_RCC_PLLSAI2_GetN	4	static
stm32l4xx_ll_rcc.h:5188:26:LL_RCC_PLLSAI2_GetP	4	static
stm32l4xx_ll_rcc.h:5221:26:LL_RCC_PLLSAI2_GetR	4	static
stm32l4xx_ll_rcc.h:5723:22:LL_RCC_ClearResetFlags	4	static
stm32l4xx_ll_rcc.c:194:13:LL_RCC_DeInit	16	static
stm32l4xx_ll_rcc.c:335:6:LL_RCC_GetSystemClocksFreq	16	static
stm32l4xx_ll_rcc.c:361:10:LL_RCC_GetUSARTClockFreq	24	static
stm32l4xx_ll_rcc.c:478:10:LL_RCC_GetUARTClockFreq	24	static
stm32l4xx_ll_rcc.c:569:10:LL_RCC_GetI2CClockFreq	24	static
stm32l4xx_ll_rcc.c:694:10:LL_RCC_GetLPUARTClockFreq	24	static
stm32l4xx_ll_rcc.c:741:10:LL_RCC_GetLPTIMClockFreq	24	static
stm32l4xx_ll_rcc.c:853:10:LL_RCC_GetSAIClockFreq	24	static
stm32l4xx_ll_rcc.c:990:10:LL_RCC_GetSDMMCClockFreq	24	static
stm32l4xx_ll_rcc.c:1055:10:LL_RCC_GetRNGClockFreq	24	static
stm32l4xx_ll_rcc.c:1121:10:LL_RCC_GetUSBClockFreq	24	static
stm32l4xx_ll_rcc.c:1184:10:LL_RCC_GetADCClockFreq	24	static
stm32l4xx_ll_rcc.c:1233:10:LL_RCC_GetSWPMIClockFreq	24	static
stm32l4xx_ll_rcc.c:1269:10:LL_RCC_GetDFSDMClockFreq	24	static
stm32l4xx_ll_rcc.c:1464:17:RCC_GetSystemClockFreq	16	static
stm32l4xx_ll_rcc.c:1506:17:RCC_GetHCLKClockFreq	16	static
stm32l4xx_ll_rcc.c:1517:17:RCC_GetPCLK1ClockFreq	16	static
stm32l4xx_ll_rcc.c:1528:17:RCC_GetPCLK2ClockFreq	16	static
stm32l4xx_ll_rcc.c:1538:17:RCC_PLL_GetFreqDomain_SYS	24	static
stm32l4xx_ll_rcc.c:1580:17:RCC_PLL_GetFreqDomain_SAI	24	static
stm32l4xx_ll_rcc.c:1622:17:RCC_PLL_GetFreqDomain_48M	24	static
stm32l4xx_ll_rcc.c:1706:17:RCC_PLLSAI1_GetFreqDomain_SAI	24	static
stm32l4xx_ll_rcc.c:1750:17:RCC_PLLSAI1_GetFreqDomain_48M	24	static
stm32l4xx_ll_rcc.c:1794:17:RCC_PLLSAI1_GetFreqDomain_ADC	24	static
stm32l4xx_ll_rcc.c:1840:17:RCC_PLLSAI2_GetFreqDomain_SAI	24	static
stm32l4xx_ll_rcc.c:1933:17:RCC_PLLSAI2_GetFreqDomain_ADC	24	static
