Archive member included to satisfy reference by file (symbol)

d:/stm32cubeide/stm32cubeide_1.6.1/stm32cubeide/plugins/com.st.stm32cube.ide.mcu.externaltools.gnu-tools-for-stm32.9-2020-q2-update.win32_1.5.0.202011040924/tools/bin/../lib/gcc/arm-none-eabi/9.3.1/../../../../arm-none-eabi/lib/thumb/v7e-m+fp/hard\libc_nano.a(lib_a-ctype_.o)
                              Core/Src/cmd.o (_ctype_)
d:/stm32cubeide/stm32cubeide_1.6.1/stm32cubeide/plugins/com.st.stm32cube.ide.mcu.externaltools.gnu-tools-for-stm32.9-2020-q2-update.win32_1.5.0.202011040924/tools/bin/../lib/gcc/arm-none-eabi/9.3.1/../../../../arm-none-eabi/lib/thumb/v7e-m+fp/hard\libc_nano.a(lib_a-errno.o)
                              Core/Src/syscalls.o (__errno)
d:/stm32cubeide/stm32cubeide_1.6.1/stm32cubeide/plugins/com.st.stm32cube.ide.mcu.externaltools.gnu-tools-for-stm32.9-2020-q2-update.win32_1.5.0.202011040924/tools/bin/../lib/gcc/arm-none-eabi/9.3.1/../../../../arm-none-eabi/lib/thumb/v7e-m+fp/hard\libc_nano.a(lib_a-exit.o)
                              d:/stm32cubeide/stm32cubeide_1.6.1/stm32cubeide/plugins/com.st.stm32cube.ide.mcu.externaltools.gnu-tools-for-stm32.9-2020-q2-update.win32_1.5.0.202011040924/tools/bin/../lib/gcc/arm-none-eabi/9.3.1/../../../../arm-none-eabi/lib/thumb/v7e-m+fp/hard/crt0.o (exit)
d:/stm32cubeide/stm32cubeide_1.6.1/stm32cubeide/plugins/com.st.stm32cube.ide.mcu.externaltools.gnu-tools-for-stm32.9-2020-q2-update.win32_1.5.0.202011040924/tools/bin/../lib/gcc/arm-none-eabi/9.3.1/../../../../arm-none-eabi/lib/thumb/v7e-m+fp/hard\libc_nano.a(lib_a-impure.o)
                              d:/stm32cubeide/stm32cubeide_1.6.1/stm32cubeide/plugins/com.st.stm32cube.ide.mcu.externaltools.gnu-tools-for-stm32.9-2020-q2-update.win32_1.5.0.202011040924/tools/bin/../lib/gcc/arm-none-eabi/9.3.1/../../../../arm-none-eabi/lib/thumb/v7e-m+fp/hard\libc_nano.a(lib_a-exit.o) (_global_impure_ptr)
d:/stm32cubeide/stm32cubeide_1.6.1/stm32cubeide/plugins/com.st.stm32cube.ide.mcu.externaltools.gnu-tools-for-stm32.9-2020-q2-update.win32_1.5.0.202011040924/tools/bin/../lib/gcc/arm-none-eabi/9.3.1/../../../../arm-none-eabi/lib/thumb/v7e-m+fp/hard\libc_nano.a(lib_a-init.o)
                              d:/stm32cubeide/stm32cubeide_1.6.1/stm32cubeide/plugins/com.st.stm32cube.ide.mcu.externaltools.gnu-tools-for-stm32.9-2020-q2-update.win32_1.5.0.202011040924/tools/bin/../lib/gcc/arm-none-eabi/9.3.1/../../../../arm-none-eabi/lib/thumb/v7e-m+fp/hard/crt0.o (__libc_init_array)
d:/stm32cubeide/stm32cubeide_1.6.1/stm32cubeide/plugins/com.st.stm32cube.ide.mcu.externaltools.gnu-tools-for-stm32.9-2020-q2-update.win32_1.5.0.202011040924/tools/bin/../lib/gcc/arm-none-eabi/9.3.1/../../../../arm-none-eabi/lib/thumb/v7e-m+fp/hard\libc_nano.a(lib_a-malloc.o)
                              Core/Src/log.o (malloc)
d:/stm32cubeide/stm32cubeide_1.6.1/stm32cubeide/plugins/com.st.stm32cube.ide.mcu.externaltools.gnu-tools-for-stm32.9-2020-q2-update.win32_1.5.0.202011040924/tools/bin/../lib/gcc/arm-none-eabi/9.3.1/../../../../arm-none-eabi/lib/thumb/v7e-m+fp/hard\libc_nano.a(lib_a-memcpy-stub.o)
                              Middlewares/Third_Party/FreeRTOS/Source/CMSIS_RTOS_V2/cmsis_os2.o (memcpy)
d:/stm32cubeide/stm32cubeide_1.6.1/stm32cubeide/plugins/com.st.stm32cube.ide.mcu.externaltools.gnu-tools-for-stm32.9-2020-q2-update.win32_1.5.0.202011040924/tools/bin/../lib/gcc/arm-none-eabi/9.3.1/../../../../arm-none-eabi/lib/thumb/v7e-m+fp/hard\libc_nano.a(lib_a-memset.o)
                              d:/stm32cubeide/stm32cubeide_1.6.1/stm32cubeide/plugins/com.st.stm32cube.ide.mcu.externaltools.gnu-tools-for-stm32.9-2020-q2-update.win32_1.5.0.202011040924/tools/bin/../lib/gcc/arm-none-eabi/9.3.1/../../../../arm-none-eabi/lib/thumb/v7e-m+fp/hard/crt0.o (memset)
d:/stm32cubeide/stm32cubeide_1.6.1/stm32cubeide/plugins/com.st.stm32cube.ide.mcu.externaltools.gnu-tools-for-stm32.9-2020-q2-update.win32_1.5.0.202011040924/tools/bin/../lib/gcc/arm-none-eabi/9.3.1/../../../../arm-none-eabi/lib/thumb/v7e-m+fp/hard\libc_nano.a(lib_a-nano-freer.o)
                              d:/stm32cubeide/stm32cubeide_1.6.1/stm32cubeide/plugins/com.st.stm32cube.ide.mcu.externaltools.gnu-tools-for-stm32.9-2020-q2-update.win32_1.5.0.202011040924/tools/bin/../lib/gcc/arm-none-eabi/9.3.1/../../../../arm-none-eabi/lib/thumb/v7e-m+fp/hard\libc_nano.a(lib_a-malloc.o) (_free_r)
d:/stm32cubeide/stm32cubeide_1.6.1/stm32cubeide/plugins/com.st.stm32cube.ide.mcu.externaltools.gnu-tools-for-stm32.9-2020-q2-update.win32_1.5.0.202011040924/tools/bin/../lib/gcc/arm-none-eabi/9.3.1/../../../../arm-none-eabi/lib/thumb/v7e-m+fp/hard\libc_nano.a(lib_a-nano-mallocr.o)
                              d:/stm32cubeide/stm32cubeide_1.6.1/stm32cubeide/plugins/com.st.stm32cube.ide.mcu.externaltools.gnu-tools-for-stm32.9-2020-q2-update.win32_1.5.0.202011040924/tools/bin/../lib/gcc/arm-none-eabi/9.3.1/../../../../arm-none-eabi/lib/thumb/v7e-m+fp/hard\libc_nano.a(lib_a-malloc.o) (_malloc_r)
[...]
Memory Configuration

Name             Origin             Length             Attributes
RAM              0x0000000020000000 0x0000000000018000 xrw
RAM2             0x0000000010000000 0x0000000000008000 xrw
FLASH            0x0000000008000000 0x0000000000100000 xr
*default*        0x0000000000000000 0xffffffffffffffff

Linker script and memory map

LOAD d:/stm32cubeide/stm32cubeide_1.6.1/stm32cubeide/plugins/com.st.stm32cube.ide.mcu.externaltools.gnu-tools-for-stm32.9-2020-q2-update.win32_1.5.0.202011040924/tools/bin/../lib/gcc/arm-none-eabi/9.3.1/thumb/v7e-m+fp/hard/crti.o
LOAD d:/stm32cubeide/stm32cubeide_1.6.1/stm32cubeide/plugins/com.st.stm32cube.ide.mcu.externaltools.gnu-tools-for-stm32.9-2020-q2-update.win32_1.5.0.202011040924/tools/bin/../lib/gcc/arm-none-eabi/9.3.1/thumb/v7e-m+fp/hard/crtbegin.o
LOAD d:/stm32cubeide/stm32cubeide_1.6.1/stm32cubeide/plugins/com.st.stm32cube.ide.mcu.externaltools.gnu-tools-for-stm32.9-2020-q2-update.win32_1.5.0.202011040924/tools/bin/../lib/gcc/arm-none-eabi/9.3.1/../../../../arm-none-eabi/lib/thumb/v7e-m+fp/hard/crt0.o
LOAD Core/Src/MAX31855K.o
LOAD Core/Src/active.o
LOAD Core/Src/cmd.o
LOAD Core/Src/console.o
LOAD Core/Src/freertos.o
LOAD Core/Src/log.o
LOAD Core/Src/main.o
LOAD Core/Src/pid.o
LOAD Core/Src/printf.o
LOAD Core/Src/reflow.o
LOAD Core/Src/stm32l4xx_hal_msp.o
LOAD Core/Src/stm32l4xx_hal_timebase_tim.o
LOAD Core/Src/stm32l4xx_it.o
LOAD Core/Src/syscalls.o
LOAD Core/Src/sysmem.o
LOAD Core/Src/system_stm32l4xx.o
LOAD Core/Src/uart.o
LOAD Core/Startup/startup_stm32l476rgtx.o
LOAD Drivers/STM32L4xx_HAL_Driver/Src/stm32l4xx_hal.o
LOAD Drivers/STM32L4xx_HAL_Driver/Src/stm32l4xx_hal_cortex.o
LOAD Drivers/STM32L4xx_HAL_Driver/Src/stm32l4xx_hal_dma.o
LOAD Drivers/STM32L4xx_HAL_Driver/Src/stm32l4xx_hal_dma_ex.o
LOAD Drivers/STM32L4xx_HAL_Driver/Src/stm32l4xx_hal_exti.o
LOAD Drivers/STM32L4xx_HAL_Driver/Src/stm32l4xx_hal_flash.o
LOAD Drivers/STM32L4xx_HAL_Driver/Src/stm32l4xx_hal_flash_ex.o
LOAD Drivers/STM32L4xx_HAL_Driver/Src/stm32l4xx_hal_flash_ramfunc.o
LOAD Drivers/STM32L4xx_HAL_Driver/Src/stm32l4xx_hal_gpio.o
LOAD Drivers/STM32L4xx_HAL_Driver/Src/stm32l4xx_hal_i2c.o
LOAD Drivers/STM32L4xx_HAL_Driver/Src/stm32l4xx_hal_i2c_ex.o
LOAD Drivers/STM32L4xx_HAL_Driver/Src/stm32l4xx_hal_pwr.o
LOAD Drivers/STM32L4xx_HAL_Driver/Src/stm32l4xx_hal_pwr_ex.o
LOAD Drivers/STM32L4xx_HAL_Driver/Src/stm32l4xx_hal_rcc.o
LOAD Drivers/STM32L4xx_HAL_Driver/Src/stm32l4xx_hal_rcc_ex.o
LOAD Drivers/STM32L4xx_HAL_Driver/Src/stm32l4xx_hal_spi.o
LOAD Drivers/STM32L4xx_HAL_Driver/Src/stm32l4xx_hal_spi_ex.o
LOAD Drivers/STM32L4xx_HAL_Driver/Src/stm32l4xx_hal_tim.o
LOAD Drivers/STM32L4xx_HAL_Driver/Src/stm32l4xx_hal_tim_ex.o
LOAD Drivers/STM32L4xx_HAL_Driver/Src/stm32l4xx_ll_dma.o
LOAD Drivers/STM32L4xx_HAL_Driver/Src/stm32l4xx_ll_exti.o
LOAD Drivers/STM32L4xx_HAL_Driver/Src/stm32l4xx_ll_gpio.o
LOAD Drivers/STM32L4xx_HAL_Driver/Src/stm32l4xx_ll_rcc.o
LOAD Drivers/STM32L4xx_HAL_Driver/Src/stm32l4xx_ll_usart.o
LOAD Drivers/STM32L4xx_HAL_Driver/Src/stm32l4xx_ll_utils.o
LOAD Middlewares/Third_Party/FreeRTOS/Source/CMSIS_RTOS_V2/cmsis_os2.o
LOAD Middlewares/Third_Party/FreeRTOS/Source/croutine.o
LOAD Middlewares/Third_Party/FreeRTOS/Source/event_groups.o
LOAD Middlewares/Third_Party/FreeRTOS/Source/list.o
LOAD Middlewares/Third_Party/FreeRTOS/Source/queue.o
LOAD Middlewares/Third_Party/FreeRTOS/Source/stream_buffer.o
LOAD Middlewares/Third_Party/FreeRTOS/Source/tasks.o
LOAD Middlewares/Third_Party/FreeRTOS/Source/timers.o
LOAD Middlewares/Third_Party/FreeRTOS/Source/portable/GCC/ARM_CM4F/port.o
LOAD Middlewares/Third_Party/FreeRTOS/Source/portable/MemMang/heap_4.o
START GROUP
LOAD d:/stm32cubeide/stm32cubeide_1.6.1/stm32cubeide/plugins/com.st.stm32cube.ide.mcu.externaltools.gnu-tools-for-stm32.9-2020-q2-update.win32_1.5.0.202011040924/tools/bin/../lib/gcc/arm-none-eabi/9.3.1/../../../../arm-none-eabi/lib/thumb/v7e-m+fp/hard\libc_nano.a
LOAD d:/stm32cubeide/stm32cubeide_1.6.1/stm32cubeide/plugins/com.st.stm32cube.ide.mcu.externaltools.gnu-tools-for-stm32.9-2020-q2-update.win32_1.5.0.202011040924/tools/bin/../lib/gcc/arm-none-eabi/9.3.1/../../../../arm-none-eabi/lib/thumb/v7e-m+fp/hard\libm.a
END GROUP
START GROUP
LOAD d:/stm32cubeide/stm32cubeide_1.6.1/stm32cubeide/plugins/com.st.stm32cube.ide.mcu.externaltools.gnu-tools-for-stm32.9-2020-q2-update.win32_1.5.0.202011040924/tools/bin/../lib/gcc/arm-none-eabi/9.3.1/thumb/v7e-m+fp/hard\libgcc.a
LOAD d:/stm32cubeide/stm32cubeide_1.6.1/stm32cubeide/plugins/com.st.stm32cube.ide.mcu.externaltools.gnu-tools-for-stm32.9-2020-q2-update.win32_1.5.0.202011040924/tools/bin/../lib/gcc/arm-none-eabi/9.3.1/../../../../arm-none-eabi/lib/thumb/v7e-m+fp/hard\libc_nano.a
END GROUP
START GROUP
LOAD d:/stm32cubeide/stm32cubeide_1.6.1/stm32cubeide/plugins/com.st.stm32cube.ide.mcu.externaltools.gnu-tools-for-stm32.9-2020-q2-update.win32_1.5.0.202011040924/tools/bin/../lib/gcc/arm-none-eabi/9.3.1/thumb/v7e-m+fp/hard\libgcc.a
LOAD d:/stm32cubeide/stm32cubeide_1.6.1/stm32cubeide/plugins/com.st.stm32cube.ide.mcu.externaltools.gnu-tools-for-stm32.9-2020-q2-update.win32_1.5.0.202011040924/tools/bin/../lib/gcc/arm-none-eabi/9.3.1/../../../../arm-none-eabi/lib/thumb/v7e-m+fp/hard\libc_nano.a
LOAD d:/stm32cubeide/stm32cubeide_1.6.1/stm32cubeide/plugins/com.st.stm32cube.ide.mcu.externaltools.gnu-tools-for-stm32.9-2020-q2-update.win32_1.5.0.202011040924/tools/bin/../lib/gcc/arm-none-eabi/9.3.1/../../../../arm-none-eabi/lib/thumb/v7e-m+fp/hard\libnosys.a
END GROUP
START GROUP
LOAD d:/stm32cubeide/stm32cubeide_1.6.1/stm32cubeide/plugins/com.st.stm32cube.ide.mcu.externaltools.gnu-tools-for-stm32.9-2020-q2-update.win32_1.5.0.202011040924/tools/bin/../lib/gcc/arm-none-eabi/9.3.1/thumb/v7e-m+fp/hard\libgcc.a
LOAD d:/stm32cubeide/stm32cubeide_1.6.1/stm32cubeide/plugins/com.st.stm32cube.ide.mcu.externaltools.gnu-tools-for-stm32.9-2020-q2-update.win32_1.5.0.202011040924/tools/bin/../lib/gcc/arm-none-eabi/9.3.1/../../../../arm-none-eabi/lib/thumb/v7e-m+fp/hard\libc_nano.a
LOAD d:/stm32cubeide/stm32cubeide_1.6.1/stm32cubeide/plugins/com.st.stm32cube.ide.mcu.externaltools.gnu-tools-for-stm32.9-2020-q2-update.win32_1.5.0.202011040924/tools/bin/../lib/gcc/arm-none-eabi/9.3.1/../../../../arm-none-eabi/lib/thumb/v7e-m+fp/hard\libnosys.a
END GROUP
LOAD d:/stm32cubeide/stm32cubeide_1.6.1/stm32cubeide/plugins/com.st.stm32cube.ide.mcu.externaltools.gnu-tools-for-stm32.9-2020-q2-update.win32_1.5.0.202011040924/tools/bin/../lib/gcc/arm-none-eabi/9.3.1/thumb/v7e-m+fp/hard/crtend.o
LOAD d:/stm32cubeide/stm32cubeide_1.6.1/stm32cubeide/plugins/com.st.stm32cube.ide.mcu.externaltools.gnu-tools-for-stm32.9-2020-q2-update.win32_1.5.0.202011040924/tools/bin/../lib/gcc/arm-none-eabi/9.3.1/thumb/v7e-m+fp/hard/crtn.o
                0x0000000020018000                _estack = (ORIGIN (RAM) + LENGTH (RAM))
                0x0000000000000200                _Min_Heap_Size = 0x200
                0x0000000000000400                _Min_Stack_Size = 0x400

.isr_vector     0x0000000008000000      0x188
                0x0000000008000000                . = ALIGN (0x4)
 *(.isr_vector)
 .isr_vector    0x0000000008000000      0x188 Core/Startup/startup_stm32l476rgtx.o
                0x0000000008000000                g_pfnVectors
                0x0000000008000188                . = ALIGN (0x4)

.text           0x0000000008000190     0xe4c0
                0x0000000008000190                . = ALIGN (0x4)
 *(.text)
 .text          0x0000000008000190       0x40 d:/stm32cubeide/stm32cubeide_1.6.1/stm32cubeide/plugins/com.st.stm32cube.ide.mcu.externaltools.gnu-tools-for-stm32.9-2020-q2-update.win32_1.5.0.202011040924/tools/bin/../lib/gcc/arm-none-eabi/9.3.1/thumb/v7e-m+fp/hard/crtbegin.o
 .text          0x00000000080001d0       0x14 d:/stm32cubeide/stm32cubeide_1.6.1/stm32cubeide/plugins/com.st.stm32cube.ide.mcu.externaltools.gnu-tools-for-stm32.9-2020-q2-update.win32_1.5.0.202011040924/tools/bin/../lib/gcc/arm-none-eabi/9.3.1/../../../../arm-none-eabi/lib/thumb/v7e-m+fp/hard\libc_nano.a(lib_a-strcmp.o)
                0x00000000080001d0                strcmp
 .text          0x00000000080001e4      0x378 d:/stm32cubeide/stm32cubeide_1.6.1/stm32cubeide/plugins/com.st.stm32cube.ide.mcu.externaltools.gnu-tools-for-stm32.9-2020-q2-update.win32_1.5.0.202011040924/tools/bin/../lib/gcc/arm-none-eabi/9.3.1/thumb/v7e-m+fp/hard\libgcc.a(_arm_addsubdf3.o)
                0x00000000080001e4                __aeabi_drsub
                0x00000000080001ec                __aeabi_dsub
                0x00000000080001ec                __subdf3
                0x00000000080001f0                __aeabi_dadd
                0x00000000080001f0                __adddf3
                0x0000000008000468                __floatunsidf
                0x0000000008000468                __aeabi_ui2d
                0x0000000008000488                __floatsidf
                0x0000000008000488                __aeabi_i2d
                0x00000000080004ac                __aeabi_f2d
                0x00000000080004ac                __extendsfdf2
                0x00000000080004f0                __floatundidf
                0x00000000080004f0                __aeabi_ul2d
                0x0000000008000500                __floatdidf
                0x0000000008000500                __aeabi_l2d
 .text          0x000000000800055c      0x424 d:/stm32cubeide/stm32cubeide_1.6.1/stm32cubeide/plugins/com.st.stm32cube.ide.mcu.externaltools.gnu-tools-for-stm32.9-2020-q2-update.win32_1.5.0.202011040924/tools/bin/../lib/gcc/arm-none-eabi/9.3.1/thumb/v7e-m+fp/hard\libgcc.a(_arm_muldivdf3.o)
                0x000000000800055c                __aeabi_dmul
                0x000000000800055c                __muldf3
                0x00000000080007b0                __divdf3
                0x00000000080007b0                __aeabi_ddiv
 .text          0x0000000008000980      0x110 d:/stm32cubeide/stm32cubeide_1.6.1/stm32cubeide/plugins/com.st.stm32cube.ide.mcu.externaltools.gnu-tools-for-stm32.9-2020-q2-update.win32_1.5.0.202011040924/tools/bin/../lib/gcc/arm-none-eabi/9.3.1/thumb/v7e-m+fp/hard\libgcc.a(_arm_cmpdf2.o)
                0x0000000008000980                __gtdf2
                0x0000000008000980                __gedf2
                0x0000000008000988                __ltdf2
                0x0000000008000988                __ledf2
                0x0000000008000990                __nedf2
                0x0000000008000990                __eqdf2
                0x0000000008000990                __cmpdf2
                0x0000000008000a0c                __aeabi_cdrcmple
                0x0000000008000a1c                __aeabi_cdcmpeq
                0x0000000008000a1c                __aeabi_cdcmple
                0x0000000008000a2c                __aeabi_dcmpeq
                0x0000000008000a40                __aeabi_dcmplt
                0x0000000008000a54                __aeabi_dcmple
                0x0000000008000a68                __aeabi_dcmpge
                0x0000000008000a7c                __aeabi_dcmpgt
 .text          0x0000000008000a90       0x50 d:/stm32cubeide/stm32cubeide_1.6.1/stm32cubeide/plugins/com.st.stm32cube.ide.mcu.externaltools.gnu-tools-for-stm32.9-2020-q2-update.win32_1.5.0.202011040924/tools/bin/../lib/gcc/arm-none-eabi/9.3.1/thumb/v7e-m+fp/hard\libgcc.a(_arm_fixdfsi.o)
                0x0000000008000a90                __aeabi_d2iz
                0x0000000008000a90                __fixdfsi
 .text          0x0000000008000ae0       0x40 d:/stm32cubeide/stm32cubeide_1.6.1/stm32cubeide/plugins/com.st.stm32cube.ide.mcu.externaltools.gnu-tools-for-stm32.9-2020-q2-update.win32_1.5.0.202011040924/tools/bin/../lib/gcc/arm-none-eabi/9.3.1/thumb/v7e-m+fp/hard\libgcc.a(_arm_fixunsdfsi.o)
                0x0000000008000ae0                __aeabi_d2uiz
                0x0000000008000ae0                __fixunsdfsi
 .text          0x0000000008000b20       0xa0 d:/stm32cubeide/stm32cubeide_1.6.1/stm32cubeide/plugins/com.st.stm32cube.ide.mcu.externaltools.gnu-tools-for-stm32.9-2020-q2-update.win32_1.5.0.202011040924/tools/bin/../lib/gcc/arm-none-eabi/9.3.1/thumb/v7e-m+fp/hard\libgcc.a(_arm_truncdfsf2.o)
                0x0000000008000b20                __truncdfsf2
                0x0000000008000b20                __aeabi_d2f
 .text          0x0000000008000bc0       0x30 d:/stm32cubeide/stm32cubeide_1.6.1/stm32cubeide/plugins/com.st.stm32cube.ide.mcu.externaltools.gnu-tools-for-stm32.9-2020-q2-update.win32_1.5.0.202011040924/tools/bin/../lib/gcc/arm-none-eabi/9.3.1/thumb/v7e-m+fp/hard\libgcc.a(_aeabi_uldivmod.o)
                0x0000000008000bc0                __aeabi_uldivmod
 .text          0x0000000008000bf0      0x2c4 d:/stm32cubeide/stm32cubeide_1.6.1/stm32cubeide/plugins/com.st.stm32cube.ide.mcu.externaltools.gnu-tools-for-stm32.9-2020-q2-update.win32_1.5.0.202011040924/tools/bin/../lib/gcc/arm-none-eabi/9.3.1/thumb/v7e-m+fp/hard\libgcc.a(_udivmoddi4.o)
                0x0000000008000bf0                __udivmoddi4
 .text          0x0000000008000eb4        0x4 d:/stm32cubeide/stm32cubeide_1.6.1/stm32cubeide/plugins/com.st.stm32cube.ide.mcu.externaltools.gnu-tools-for-stm32.9-2020-q2-update.win32_1.5.0.202011040924/tools/bin/../lib/gcc/arm-none-eabi/9.3.1/thumb/v7e-m+fp/hard\libgcc.a(_dvmd_tls.o)
                0x0000000008000eb4                __aeabi_idiv0
                0x0000000008000eb4                __aeabi_ldiv0
 *(.text*)
 .text.MAX31855K_Init
                0x0000000008000eb8       0x54 Core/Src/MAX31855K.o
                0x0000000008000eb8                MAX31855K_Init
 .text.MAX31855K_RxBlocking
                0x0000000008000f0c       0x6c Core/Src/MAX31855K.o
                0x0000000008000f0c                MAX31855K_RxBlocking
 .text.MAX31855K_Get_HJ
                0x0000000008000f78       0x68 Core/Src/MAX31855K.o
                0x0000000008000f78                MAX31855K_Get_HJ
 .text.MAX31855K_Err_Str
                0x0000000008000fe0       0x68 Core/Src/MAX31855K.o
                0x0000000008000fe0                MAX31855K_Err_Str
 .text.MAX31855K_error_check
                0x0000000008001048       0xac Core/Src/MAX31855K.o
 .text.Active_ctor
                0x00000000080010f4       0x2e Core/Src/active.o
                0x00000000080010f4                Active_ctor
 *fill*         0x0000000008001122        0x2 
 .text.Active_start
                0x0000000008001124       0x8c Core/Src/active.o
                0x0000000008001124                Active_start
 .text.Active_post
                0x00000000080011b0       0x2e Core/Src/active.o
                0x00000000080011b0                Active_post
 *fill*         0x00000000080011de        0x2 
 .text.TimeEvent_ctor
                0x00000000080011e0       0x90 Core/Src/active.o
                0x00000000080011e0                TimeEvent_ctor
 .text.TimeEvent_arm
                0x0000000008001270      0x198 Core/Src/active.o
                0x0000000008001270                TimeEvent_arm
 .text.TimeEvent_disarm
                0x0000000008001408       0x70 Core/Src/active.o
                0x0000000008001408                TimeEvent_disarm
 .text.Active_event_loop
                0x0000000008001478       0xdc Core/Src/active.o
 .text.TimeEvent_tick
                0x0000000008001554       0xb0 Core/Src/active.o
 .text.cmd_init
                0x0000000008001604       0x8c Core/Src/cmd.o
                0x0000000008001604                cmd_init
 .text.cmd_start
                0x0000000008001690       0x20 Core/Src/cmd.o
                0x0000000008001690                cmd_start
 .text.cmd_register
                0x00000000080016b0       0xbc Core/Src/cmd.o
                0x00000000080016b0                cmd_register
 .text.cmd_execute
                0x000000000800176c       0xdc Core/Src/cmd.o
 .text.tokenize
                0x0000000008001848      0x108 Core/Src/cmd.o
 .text.help_handler
                0x0000000008001950      0x114 Core/Src/cmd.o
 .text.client_command_handler
                0x0000000008001a64      0x2d4 Core/Src/cmd.o
 .text.Cmd_Event_Handler
                0x0000000008001d38       0xdc Core/Src/cmd.o
 .text.console_init
                0x0000000008001e14       0x70 Core/Src/console.o
                0x0000000008001e14                console_init
 .text.console_start
                0x0000000008001e84       0x90 Core/Src/console.o
                0x0000000008001e84                console_start
 .text.console_post
                0x0000000008001f14       0x34 Core/Src/console.o
                0x0000000008001f14                console_post
 .text.Console_thread
                0x0000000008001f48       0x94 Core/Src/console.o
 .text.console_process
                0x0000000008001fdc      0x150 Core/Src/console.o
 .text.post_cmd_event
                0x000000000800212c       0x1c Core/Src/console.o
 .text.log_init
                0x0000000008002148       0x78 Core/Src/log.o
                0x0000000008002148                log_init
 .text.log_toggle
                0x00000000080021c0       0x24 Core/Src/log.o
                0x00000000080021c0                log_toggle
 .text.log_printf
                0x00000000080021e4       0x3e Core/Src/log.o
                0x00000000080021e4                log_printf
 *fill*         0x0000000008002222        0x2 
 .text.log_level_str
                0x0000000008002224       0x30 Core/Src/log.o
 .text.log_level_int
                0x0000000008002254       0x44 Core/Src/log.o
 .text.cmd_log_status
                0x0000000008002298       0x74 Core/Src/log.o
 .text.cmd_log_set
                0x000000000800230c       0xe8 Core/Src/log.o
 .text.log_level_set
                0x00000000080023f4      0x210 Core/Src/log.o
 .text.get_log_level
                0x0000000008002604       0x5c Core/Src/log.o
 .text.get_cached_log_level
                0x0000000008002660       0x9c Core/Src/log.o
 .text.get_uncached_log_level
                0x00000000080026fc       0x50 Core/Src/log.o
 .text.log_add_cache
                0x000000000800274c       0xa4 Core/Src/log.o
 .text.heap_bubble_down
                0x00000000080027f0       0x64 Core/Src/log.o
 .text.heap_swap
                0x0000000008002854       0x64 Core/Src/log.o
 .text.LL_USART_Enable
                0x00000000080028b8       0x20 Core/Src/main.o
 .text.LL_USART_ConfigAsyncMode
                0x00000000080028d8       0x2c Core/Src/main.o
 .text.LL_AHB2_GRP1_EnableClock
                0x0000000008002904       0x30 Core/Src/main.o
 .text.LL_APB1_GRP1_EnableClock
                0x0000000008002934       0x30 Core/Src/main.o
 .text.main     0x0000000008002964       0x6c Core/Src/main.o
                0x0000000008002964                main
 .text.SystemClock_Config
                0x00000000080029d0       0xea Core/Src/main.o
                0x00000000080029d0                SystemClock_Config
 *fill*         0x0000000008002aba        0x2 
 .text.MX_SPI2_Init
                0x0000000008002abc       0x7c Core/Src/main.o
 .text.MX_TIM3_Init
                0x0000000008002b38       0xf0 Core/Src/main.o
 .text.MX_USART2_UART_Init
                0x0000000008002c28       0xa0 Core/Src/main.o
 .text.MX_GPIO_Init
                0x0000000008002cc8       0xf4 Core/Src/main.o
 .text.StartDefaultTask
                0x0000000008002dbc       0x40 Core/Src/main.o
                0x0000000008002dbc                StartDefaultTask
 .text.HAL_TIM_PeriodElapsedCallback
                0x0000000008002dfc       0x24 Core/Src/main.o
                0x0000000008002dfc                HAL_TIM_PeriodElapsedCallback
 .text.Error_Handler
                0x0000000008002e20        0xa Core/Src/main.o
                0x0000000008002e20                Error_Handler
 .text.PID_Init
                0x0000000008002e2a       0x50 Core/Src/pid.o
                0x0000000008002e2a                PID_Init
 .text.PID_Calculate
                0x0000000008002e7a      0x1bc Core/Src/pid.o
                0x0000000008002e7a                PID_Calculate
 .text.PID_Reset
                0x0000000008003036       0x44 Core/Src/pid.o
                0x0000000008003036                PID_Reset
 .text._out_null
                0x000000000800307a       0x1c Core/Src/printf.o
 .text._out_char
                0x0000000008003096       0x26 Core/Src/printf.o
 .text._strnlen_s
                0x00000000080030bc       0x3a Core/Src/printf.o
 .text._is_digit
                0x00000000080030f6       0x2e Core/Src/printf.o
 .text._atoi    0x0000000008003124       0x48 Core/Src/printf.o
 .text._out_rev
                0x000000000800316c       0xa0 Core/Src/printf.o
 .text._ntoa_format
                0x000000000800320c      0x1b8 Core/Src/printf.o
 .text._ntoa_long
                0x00000000080033c4       0xce Core/Src/printf.o
 .text._ntoa_long_long
                0x0000000008003492       0xdc Core/Src/printf.o
 *fill*         0x000000000800356e        0x2 
 .text._ftoa    0x0000000008003570      0x4bc Core/Src/printf.o
 *fill*         0x0000000008003a2c        0x4 
 .text._etoa    0x0000000008003a30      0x520 Core/Src/printf.o
 .text._vsnprintf
                0x0000000008003f50      0x970 Core/Src/printf.o
 .text.printf_  0x00000000080048c0       0x38 Core/Src/printf.o
                0x00000000080048c0                printf_
 .text.vprintf_
                0x00000000080048f8       0x2c Core/Src/printf.o
                0x00000000080048f8                vprintf_
 .text.Reflow_reset_INIT
                0x0000000008004924       0x70 Core/Src/reflow.o
 .text.Reflow_reset_ENTRY
                0x0000000008004994      0x190 Core/Src/reflow.o
 .text.Reflow_preheat_ENTRY
                0x0000000008004b24       0x5c Core/Src/reflow.o
 .text.Reflow_soak_ENTRY
                0x0000000008004b80       0x60 Core/Src/reflow.o
 .text.Reflow_rampup_ENTRY
                0x0000000008004be0       0x2c Core/Src/reflow.o
 .text.Reflow_peak_ENTRY
                0x0000000008004c0c       0x30 Core/Src/reflow.o
 .text.Reflow_cooldown_ENTRY
                0x0000000008004c3c       0x2c Core/Src/reflow.o
 .text.Reflow_reset_START
                0x0000000008004c68      0x148 Core/Src/reflow.o
 .text.Reflow_preheat_REACHTEMP
                0x0000000008004db0       0x70 Core/Src/reflow.o
 .text.Reflow_soak_REACHTIME
                0x0000000008004e20       0x70 Core/Src/reflow.o
 .text.Reflow_rampup_REACHTEMP
                0x0000000008004e90       0x70 Core/Src/reflow.o
 .text.Reflow_peak_REACHTIME
                0x0000000008004f00       0x70 Core/Src/reflow.o
 .text.Reflow_cooldown_REACHTEMP
                0x0000000008004f70       0x70 Core/Src/reflow.o
 .text.Reflow_STOP
                0x0000000008004fe0       0x30 Core/Src/reflow.o
 .text.Reflow_ignore
                0x0000000008005010       0x18 Core/Src/reflow.o
 .text.reflow_init
                0x0000000008005028      0x174 Core/Src/reflow.o
                0x0000000008005028                reflow_init
 .text.reflow_start
                0x000000000800519c       0x30 Core/Src/reflow.o
                0x000000000800519c                reflow_start
 .text.reflow_pid_iteration
                0x00000000080051cc      0x2d4 Core/Src/reflow.o
 .text.reflow_status_cmd
                0x00000000080054a0       0x60 Core/Src/reflow.o
 .text.reflow_start_cmd
                0x0000000008005500       0x30 Core/Src/reflow.o
 .text.reflow_stop_cmd
                0x0000000008005530       0x30 Core/Src/reflow.o
 .text.reflow_set_cmd
                0x0000000008005560      0x174 Core/Src/reflow.o
 .text.reflow_evt_handler
                0x00000000080056d4      0x118 Core/Src/reflow.o
 .text.displayPIDParams
                0x00000000080057ec       0xa8 Core/Src/reflow.o
 .text.displayProfileParams
                0x0000000008005894       0x8c Core/Src/reflow.o
 .text.displayState
                0x0000000008005920       0x2c Core/Src/reflow.o
 .text.readTemperature
                0x000000000800594c       0x32 Core/Src/reflow.o
 *fill*         0x000000000800597e        0x2 
 .text.HAL_MspInit
                0x0000000008005980       0x50 Core/Src/stm32l4xx_hal_msp.o
                0x0000000008005980                HAL_MspInit
 .text.HAL_SPI_MspInit
                0x00000000080059d0       0xc4 Core/Src/stm32l4xx_hal_msp.o
                0x00000000080059d0                HAL_SPI_MspInit
 .text.HAL_TIM_Base_MspInit
                0x0000000008005a94       0x40 Core/Src/stm32l4xx_hal_msp.o
                0x0000000008005a94                HAL_TIM_Base_MspInit
 .text.HAL_TIM_MspPostInit
                0x0000000008005ad4       0x6c Core/Src/stm32l4xx_hal_msp.o
                0x0000000008005ad4                HAL_TIM_MspPostInit
 .text.HAL_InitTick
                0x0000000008005b40       0xac Core/Src/stm32l4xx_hal_timebase_tim.o
                0x0000000008005b40                HAL_InitTick
 .text.NMI_Handler
                0x0000000008005bec        0x6 Core/Src/stm32l4xx_it.o
                0x0000000008005bec                NMI_Handler
 .text.HardFault_Handler
                0x0000000008005bf2        0x6 Core/Src/stm32l4xx_it.o
                0x0000000008005bf2                HardFault_Handler
 .text.MemManage_Handler
                0x0000000008005bf8        0x6 Core/Src/stm32l4xx_it.o
                0x0000000008005bf8                MemManage_Handler
 .text.BusFault_Handler
                0x0000000008005bfe        0x6 Core/Src/stm32l4xx_it.o
                0x0000000008005bfe                BusFault_Handler
 .text.UsageFault_Handler
                0x0000000008005c04        0x6 Core/Src/stm32l4xx_it.o
                0x0000000008005c04                UsageFault_Handler
 .text.DebugMon_Handler
                0x0000000008005c0a        0xe Core/Src/stm32l4xx_it.o
                0x0000000008005c0a                DebugMon_Handler
 .text.TIM7_IRQHandler
                0x0000000008005c18       0x14 Core/Src/stm32l4xx_it.o
                0x0000000008005c18                TIM7_IRQHandler
 .text._sbrk    0x0000000008005c2c       0x6c Core/Src/sysmem.o
                0x0000000008005c2c                _sbrk
 .text.SystemInit
                0x0000000008005c98       0x64 Core/Src/system_stm32l4xx.o
                0x0000000008005c98                SystemInit
 .text.__NVIC_GetPriorityGrouping
                0x0000000008005cfc       0x1c Core/Src/uart.o
 .text.__NVIC_EnableIRQ
                0x0000000008005d18       0x3c Core/Src/uart.o
 .text.__NVIC_SetPriority
                0x0000000008005d54       0x54 Core/Src/uart.o
 .text.NVIC_EncodePriority
                0x0000000008005da8       0x66 Core/Src/uart.o
 .text.LL_USART_IsEnabled
                0x0000000008005e0e       0x26 Core/Src/uart.o
 .text.LL_USART_ClearFlag_PE
                0x0000000008005e34       0x1a Core/Src/uart.o
 .text.LL_USART_ClearFlag_FE
                0x0000000008005e4e       0x1a Core/Src/uart.o
 .text.LL_USART_ClearFlag_NE
                0x0000000008005e68       0x1a Core/Src/uart.o
 .text.LL_USART_ClearFlag_ORE
                0x0000000008005e82       0x1a Core/Src/uart.o
 .text.LL_USART_EnableIT_RXNE
                0x0000000008005e9c       0x20 Core/Src/uart.o
 .text.LL_USART_EnableIT_TXE
                0x0000000008005ebc       0x20 Core/Src/uart.o
 .text.LL_USART_DisableIT_TXE
                0x0000000008005edc       0x20 Core/Src/uart.o
 .text.LL_USART_IsEnabledIT_TXE
                0x0000000008005efc       0x26 Core/Src/uart.o
 *fill*         0x0000000008005f22        0x2 
 .text.uart_init
                0x0000000008005f24       0xd0 Core/Src/uart.o
                0x0000000008005f24                uart_init
 .text.uart_start
                0x0000000008005ff4       0xb4 Core/Src/uart.o
                0x0000000008005ff4                uart_start
 .text.uart_putc
                0x00000000080060a8       0xa0 Core/Src/uart.o
                0x00000000080060a8                uart_putc
 .text.USART1_IRQHandler
                0x0000000008006148        0xc Core/Src/uart.o
                0x0000000008006148                USART1_IRQHandler
 .text.USART2_IRQHandler
                0x0000000008006154        0xc Core/Src/uart.o
                0x0000000008006154                USART2_IRQHandler
 .text.USART3_IRQHandler
                0x0000000008006160        0xc Core/Src/uart.o
                0x0000000008006160                USART3_IRQHandler
 .text.UART4_IRQHandler
                0x000000000800616c        0xc Core/Src/uart.o
                0x000000000800616c                UART4_IRQHandler
 .text.UART5_IRQHandler
                0x0000000008006178        0xc Core/Src/uart.o
                0x0000000008006178                UART5_IRQHandler
 .text.UART_ISR
                0x0000000008006184      0x114 Core/Src/uart.o
 .text.read_rdr
                0x0000000008006298       0x54 Core/Src/uart.o
 .text.write_tdr
                0x00000000080062ec       0x54 Core/Src/uart.o
 .text.Reset_Handler
                0x0000000008006340       0x50 Core/Startup/startup_stm32l476rgtx.o
                0x0000000008006340                Reset_Handler
 .text.Default_Handler
                0x0000000008006390        0x2 Core/Startup/startup_stm32l476rgtx.o
                0x0000000008006390                RTC_Alarm_IRQHandler
                0x0000000008006390                EXTI2_IRQHandler
                0x0000000008006390                TIM8_TRG_COM_IRQHandler
                0x0000000008006390                TIM8_CC_IRQHandler
                0x0000000008006390                TIM1_CC_IRQHandler
                0x0000000008006390                TSC_IRQHandler
                0x0000000008006390                TAMP_STAMP_IRQHandler
                0x0000000008006390                EXTI3_IRQHandler
                0x0000000008006390                LPTIM2_IRQHandler
                0x0000000008006390                DFSDM1_FLT1_IRQHandler
                0x0000000008006390                I2C3_ER_IRQHandler
                0x0000000008006390                DFSDM1_FLT2_IRQHandler
                0x0000000008006390                EXTI0_IRQHandler
                0x0000000008006390                I2C2_EV_IRQHandler
                0x0000000008006390                CAN1_RX0_IRQHandler
                0x0000000008006390                FPU_IRQHandler
                0x0000000008006390                TIM1_UP_TIM16_IRQHandler
                0x0000000008006390                ADC1_2_IRQHandler
                0x0000000008006390                SPI1_IRQHandler
                0x0000000008006390                TIM6_DAC_IRQHandler
                0x0000000008006390                TIM8_UP_IRQHandler
                0x0000000008006390                DMA2_Channel2_IRQHandler
                0x0000000008006390                DMA1_Channel4_IRQHandler
                0x0000000008006390                SAI2_IRQHandler
                0x0000000008006390                DFSDM1_FLT3_IRQHandler
                0x0000000008006390                DMA1_Channel7_IRQHandler
                0x0000000008006390                CAN1_RX1_IRQHandler
                0x0000000008006390                LCD_IRQHandler
                0x0000000008006390                ADC3_IRQHandler
                0x0000000008006390                TIM4_IRQHandler
                0x0000000008006390                DMA2_Channel1_IRQHandler
                0x0000000008006390                QUADSPI_IRQHandler
                0x0000000008006390                I2C1_EV_IRQHandler
                0x0000000008006390                DMA1_Channel6_IRQHandler
                0x0000000008006390                DMA2_Channel4_IRQHandler
                0x0000000008006390                TIM3_IRQHandler
                0x0000000008006390                RCC_IRQHandler
                0x0000000008006390                DMA1_Channel1_IRQHandler
                0x0000000008006390                Default_Handler
                0x0000000008006390                DMA2_Channel7_IRQHandler
                0x0000000008006390                EXTI15_10_IRQHandler
                0x0000000008006390                SDMMC1_IRQHandler
                0x0000000008006390                TIM5_IRQHandler
                0x0000000008006390                I2C3_EV_IRQHandler
                0x0000000008006390                EXTI9_5_IRQHandler
                0x0000000008006390                RTC_WKUP_IRQHandler
                0x0000000008006390                PVD_PVM_IRQHandler
                0x0000000008006390                SPI2_IRQHandler
                0x0000000008006390                CAN1_TX_IRQHandler
                0x0000000008006390                DMA2_Channel5_IRQHandler
                0x0000000008006390                DMA1_Channel5_IRQHandler
                0x0000000008006390                EXTI4_IRQHandler
                0x0000000008006390                RNG_IRQHandler
                0x0000000008006390                TIM1_TRG_COM_TIM17_IRQHandler
                0x0000000008006390                DMA1_Channel3_IRQHandler
                0x0000000008006390                COMP_IRQHandler
                0x0000000008006390                WWDG_IRQHandler
                0x0000000008006390                LPUART1_IRQHandler
                0x0000000008006390                DMA2_Channel6_IRQHandler
                0x0000000008006390                TIM2_IRQHandler
                0x0000000008006390                EXTI1_IRQHandler
                0x0000000008006390                DFSDM1_FLT0_IRQHandler
                0x0000000008006390                I2C2_ER_IRQHandler
                0x0000000008006390                DMA1_Channel2_IRQHandler
                0x0000000008006390                TIM8_BRK_IRQHandler
                0x0000000008006390                CAN1_SCE_IRQHandler
                0x0000000008006390                FLASH_IRQHandler
                0x0000000008006390                OTG_FS_IRQHandler
                0x0000000008006390                SPI3_IRQHandler
                0x0000000008006390                I2C1_ER_IRQHandler
                0x0000000008006390                FMC_IRQHandler
                0x0000000008006390                SWPMI1_IRQHandler
                0x0000000008006390                LPTIM1_IRQHandler
                0x0000000008006390                SAI1_IRQHandler
                0x0000000008006390                DMA2_Channel3_IRQHandler
                0x0000000008006390                TIM1_BRK_TIM15_IRQHandler
 *fill*         0x0000000008006392        0x2 
 .text.HAL_Init
                0x0000000008006394       0x40 Drivers/STM32L4xx_HAL_Driver/Src/stm32l4xx_hal.o
                0x0000000008006394                HAL_Init
 .text.HAL_IncTick
                0x00000000080063d4       0x28 Drivers/STM32L4xx_HAL_Driver/Src/stm32l4xx_hal.o
                0x00000000080063d4                HAL_IncTick
 .text.HAL_GetTick
                0x00000000080063fc       0x18 Drivers/STM32L4xx_HAL_Driver/Src/stm32l4xx_hal.o
                0x00000000080063fc                HAL_GetTick
 .text.__NVIC_SetPriorityGrouping
                0x0000000008006414       0x48 Drivers/STM32L4xx_HAL_Driver/Src/stm32l4xx_hal_cortex.o
 .text.__NVIC_GetPriorityGrouping
                0x000000000800645c       0x1c Drivers/STM32L4xx_HAL_Driver/Src/stm32l4xx_hal_cortex.o
 .text.__NVIC_EnableIRQ
                0x0000000008006478       0x3c Drivers/STM32L4xx_HAL_Driver/Src/stm32l4xx_hal_cortex.o
 .text.__NVIC_SetPriority
                0x00000000080064b4       0x54 Drivers/STM32L4xx_HAL_Driver/Src/stm32l4xx_hal_cortex.o
 .text.NVIC_EncodePriority
                0x0000000008006508       0x66 Drivers/STM32L4xx_HAL_Driver/Src/stm32l4xx_hal_cortex.o
 .text.HAL_NVIC_SetPriorityGrouping
                0x000000000800656e       0x16 Drivers/STM32L4xx_HAL_Driver/Src/stm32l4xx_hal_cortex.o
                0x000000000800656e                HAL_NVIC_SetPriorityGrouping
 .text.HAL_NVIC_SetPriority
                0x0000000008006584       0x38 Drivers/STM32L4xx_HAL_Driver/Src/stm32l4xx_hal_cortex.o
                0x0000000008006584                HAL_NVIC_SetPriority
 .text.HAL_NVIC_EnableIRQ
                0x00000000080065bc       0x1c Drivers/STM32L4xx_HAL_Driver/Src/stm32l4xx_hal_cortex.o
                0x00000000080065bc                HAL_NVIC_EnableIRQ
 .text.HAL_GPIO_Init
                0x00000000080065d8      0x354 Drivers/STM32L4xx_HAL_Driver/Src/stm32l4xx_hal_gpio.o
                0x00000000080065d8                HAL_GPIO_Init
 .text.HAL_GPIO_WritePin
                0x000000000800692c       0x30 Drivers/STM32L4xx_HAL_Driver/Src/stm32l4xx_hal_gpio.o
                0x000000000800692c                HAL_GPIO_WritePin
 .text.HAL_PWREx_GetVoltageRange
                0x000000000800695c       0x1c Drivers/STM32L4xx_HAL_Driver/Src/stm32l4xx_hal_pwr_ex.o
                0x000000000800695c                HAL_PWREx_GetVoltageRange
 .text.HAL_PWREx_ControlVoltageScaling
                0x0000000008006978       0xac Drivers/STM32L4xx_HAL_Driver/Src/stm32l4xx_hal_pwr_ex.o
                0x0000000008006978                HAL_PWREx_ControlVoltageScaling
 .text.HAL_RCC_OscConfig
                0x0000000008006a24      0x7cc Drivers/STM32L4xx_HAL_Driver/Src/stm32l4xx_hal_rcc.o
                0x0000000008006a24                HAL_RCC_OscConfig
 .text.HAL_RCC_ClockConfig
                0x00000000080071f0      0x1c4 Drivers/STM32L4xx_HAL_Driver/Src/stm32l4xx_hal_rcc.o
                0x00000000080071f0                HAL_RCC_ClockConfig
 .text.HAL_RCC_GetSysClockFreq
                0x00000000080073b4      0x118 Drivers/STM32L4xx_HAL_Driver/Src/stm32l4xx_hal_rcc.o
                0x00000000080073b4                HAL_RCC_GetSysClockFreq
 .text.HAL_RCC_GetHCLKFreq
                0x00000000080074cc       0x18 Drivers/STM32L4xx_HAL_Driver/Src/stm32l4xx_hal_rcc.o
                0x00000000080074cc                HAL_RCC_GetHCLKFreq
 .text.HAL_RCC_GetPCLK1Freq
                0x00000000080074e4       0x2c Drivers/STM32L4xx_HAL_Driver/Src/stm32l4xx_hal_rcc.o
                0x00000000080074e4                HAL_RCC_GetPCLK1Freq
 .text.HAL_RCC_GetClockConfig
                0x0000000008007510       0x64 Drivers/STM32L4xx_HAL_Driver/Src/stm32l4xx_hal_rcc.o
                0x0000000008007510                HAL_RCC_GetClockConfig
 .text.RCC_SetFlashLatencyFromMSIRange
                0x0000000008007574       0xc0 Drivers/STM32L4xx_HAL_Driver/Src/stm32l4xx_hal_rcc.o
 .text.HAL_RCCEx_PeriphCLKConfig
                0x0000000008007634      0x5d4 Drivers/STM32L4xx_HAL_Driver/Src/stm32l4xx_hal_rcc_ex.o
                0x0000000008007634                HAL_RCCEx_PeriphCLKConfig
 .text.RCCEx_PLLSAI1_Config
                0x0000000008007c08      0x1e8 Drivers/STM32L4xx_HAL_Driver/Src/stm32l4xx_hal_rcc_ex.o
 .text.RCCEx_PLLSAI2_Config
                0x0000000008007df0      0x1bc Drivers/STM32L4xx_HAL_Driver/Src/stm32l4xx_hal_rcc_ex.o
 .text.HAL_SPI_Init
                0x0000000008007fac      0x146 Drivers/STM32L4xx_HAL_Driver/Src/stm32l4xx_hal_spi.o
                0x0000000008007fac                HAL_SPI_Init
 .text.HAL_SPI_Receive
                0x00000000080080f2      0x260 Drivers/STM32L4xx_HAL_Driver/Src/stm32l4xx_hal_spi.o
                0x00000000080080f2                HAL_SPI_Receive
 .text.HAL_SPI_TransmitReceive
                0x0000000008008352      0x426 Drivers/STM32L4xx_HAL_Driver/Src/stm32l4xx_hal_spi.o
                0x0000000008008352                HAL_SPI_TransmitReceive
 .text.SPI_WaitFlagStateUntilTimeout
                0x0000000008008778      0x110 Drivers/STM32L4xx_HAL_Driver/Src/stm32l4xx_hal_spi.o
 .text.SPI_WaitFifoStateUntilTimeout
                0x0000000008008888      0x124 Drivers/STM32L4xx_HAL_Driver/Src/stm32l4xx_hal_spi.o
 .text.SPI_EndRxTransaction
                0x00000000080089ac       0xb0 Drivers/STM32L4xx_HAL_Driver/Src/stm32l4xx_hal_spi.o
 .text.SPI_EndRxTxTransaction
                0x0000000008008a5c       0x8c Drivers/STM32L4xx_HAL_Driver/Src/stm32l4xx_hal_spi.o
 .text.HAL_TIM_Base_Init
                0x0000000008008ae8       0xae Drivers/STM32L4xx_HAL_Driver/Src/stm32l4xx_hal_tim.o
                0x0000000008008ae8                HAL_TIM_Base_Init
 *fill*         0x0000000008008b96        0x2 
 .text.HAL_TIM_Base_Start_IT
                0x0000000008008b98       0xe0 Drivers/STM32L4xx_HAL_Driver/Src/stm32l4xx_hal_tim.o
                0x0000000008008b98                HAL_TIM_Base_Start_IT
 .text.HAL_TIM_PWM_Init
                0x0000000008008c78       0xae Drivers/STM32L4xx_HAL_Driver/Src/stm32l4xx_hal_tim.o
                0x0000000008008c78                HAL_TIM_PWM_Init
 .text.HAL_TIM_PWM_MspInit
                0x0000000008008d26       0x14 Drivers/STM32L4xx_HAL_Driver/Src/stm32l4xx_hal_tim.o
                0x0000000008008d26                HAL_TIM_PWM_MspInit
 *fill*         0x0000000008008d3a        0x2 
 .text.HAL_TIM_PWM_Start
                0x0000000008008d3c      0x20c Drivers/STM32L4xx_HAL_Driver/Src/stm32l4xx_hal_tim.o
                0x0000000008008d3c                HAL_TIM_PWM_Start
 .text.HAL_TIM_PWM_Stop
                0x0000000008008f48      0x12c Drivers/STM32L4xx_HAL_Driver/Src/stm32l4xx_hal_tim.o
                0x0000000008008f48                HAL_TIM_PWM_Stop
 .text.HAL_TIM_IRQHandler
                0x0000000008009074      0x23e Drivers/STM32L4xx_HAL_Driver/Src/stm32l4xx_hal_tim.o
                0x0000000008009074                HAL_TIM_IRQHandler
 *fill*         0x00000000080092b2        0x2 
 .text.HAL_TIM_PWM_ConfigChannel
                0x00000000080092b4      0x220 Drivers/STM32L4xx_HAL_Driver/Src/stm32l4xx_hal_tim.o
                0x00000000080092b4                HAL_TIM_PWM_ConfigChannel
 .text.HAL_TIM_ConfigClockSource
                0x00000000080094d4      0x18c Drivers/STM32L4xx_HAL_Driver/Src/stm32l4xx_hal_tim.o
                0x00000000080094d4                HAL_TIM_ConfigClockSource
 .text.HAL_TIM_OC_DelayElapsedCallback
                0x0000000008009660       0x14 Drivers/STM32L4xx_HAL_Driver/Src/stm32l4xx_hal_tim.o
                0x0000000008009660                HAL_TIM_OC_DelayElapsedCallback
 .text.HAL_TIM_IC_CaptureCallback
                0x0000000008009674       0x14 Drivers/STM32L4xx_HAL_Driver/Src/stm32l4xx_hal_tim.o
                0x0000000008009674                HAL_TIM_IC_CaptureCallback
 .text.HAL_TIM_PWM_PulseFinishedCallback
                0x0000000008009688       0x14 Drivers/STM32L4xx_HAL_Driver/Src/stm32l4xx_hal_tim.o
                0x0000000008009688                HAL_TIM_PWM_PulseFinishedCallback
 .text.HAL_TIM_TriggerCallback
                0x000000000800969c       0x14 Drivers/STM32L4xx_HAL_Driver/Src/stm32l4xx_hal_tim.o
                0x000000000800969c                HAL_TIM_TriggerCallback
 .text.TIM_Base_SetConfig
                0x00000000080096b0      0x134 Drivers/STM32L4xx_HAL_Driver/Src/stm32l4xx_hal_tim.o
                0x00000000080096b0                TIM_Base_SetConfig
 .text.TIM_OC1_SetConfig
                0x00000000080097e4      0x120 Drivers/STM32L4xx_HAL_Driver/Src/stm32l4xx_hal_tim.o
 .text.TIM_OC2_SetConfig
                0x0000000008009904      0x114 Drivers/STM32L4xx_HAL_Driver/Src/stm32l4xx_hal_tim.o
                0x0000000008009904                TIM_OC2_SetConfig
 .text.TIM_OC3_SetConfig
                0x0000000008009a18      0x110 Drivers/STM32L4xx_HAL_Driver/Src/stm32l4xx_hal_tim.o
 .text.TIM_OC4_SetConfig
                0x0000000008009b28       0xd4 Drivers/STM32L4xx_HAL_Driver/Src/stm32l4xx_hal_tim.o
 .text.TIM_OC5_SetConfig
                0x0000000008009bfc       0xc8 Drivers/STM32L4xx_HAL_Driver/Src/stm32l4xx_hal_tim.o
 .text.TIM_OC6_SetConfig
                0x0000000008009cc4       0xcc Drivers/STM32L4xx_HAL_Driver/Src/stm32l4xx_hal_tim.o
 .text.TIM_TI1_ConfigInputStage
                0x0000000008009d90       0x5e Drivers/STM32L4xx_HAL_Driver/Src/stm32l4xx_hal_tim.o
 .text.TIM_TI2_ConfigInputStage
                0x0000000008009dee       0x60 Drivers/STM32L4xx_HAL_Driver/Src/stm32l4xx_hal_tim.o
 .text.TIM_ITRx_SetConfig
                0x0000000008009e4e       0x36 Drivers/STM32L4xx_HAL_Driver/Src/stm32l4xx_hal_tim.o
 .text.TIM_ETR_SetConfig
                0x0000000008009e84       0x40 Drivers/STM32L4xx_HAL_Driver/Src/stm32l4xx_hal_tim.o
                0x0000000008009e84                TIM_ETR_SetConfig
 .text.TIM_CCxChannelCmd
                0x0000000008009ec4       0x4a Drivers/STM32L4xx_HAL_Driver/Src/stm32l4xx_hal_tim.o
                0x0000000008009ec4                TIM_CCxChannelCmd
 *fill*         0x0000000008009f0e        0x2 
 .text.HAL_TIMEx_MasterConfigSynchronization
                0x0000000008009f10      0x110 Drivers/STM32L4xx_HAL_Driver/Src/stm32l4xx_hal_tim_ex.o
                0x0000000008009f10                HAL_TIMEx_MasterConfigSynchronization
 .text.HAL_TIMEx_CommutCallback
                0x000000000800a020       0x14 Drivers/STM32L4xx_HAL_Driver/Src/stm32l4xx_hal_tim_ex.o
                0x000000000800a020                HAL_TIMEx_CommutCallback
 .text.HAL_TIMEx_BreakCallback
                0x000000000800a034       0x14 Drivers/STM32L4xx_HAL_Driver/Src/stm32l4xx_hal_tim_ex.o
                0x000000000800a034                HAL_TIMEx_BreakCallback
 .text.HAL_TIMEx_Break2Callback
                0x000000000800a048       0x14 Drivers/STM32L4xx_HAL_Driver/Src/stm32l4xx_hal_tim_ex.o
                0x000000000800a048                HAL_TIMEx_Break2Callback
 .text.LL_GPIO_SetPinMode
                0x000000000800a05c       0x7a Drivers/STM32L4xx_HAL_Driver/Src/stm32l4xx_ll_gpio.o
 .text.LL_GPIO_SetPinOutputType
                0x000000000800a0d6       0x30 Drivers/STM32L4xx_HAL_Driver/Src/stm32l4xx_ll_gpio.o
 .text.LL_GPIO_SetPinSpeed
                0x000000000800a106       0x7a Drivers/STM32L4xx_HAL_Driver/Src/stm32l4xx_ll_gpio.o
 .text.LL_GPIO_SetPinPull
                0x000000000800a180       0x7a Drivers/STM32L4xx_HAL_Driver/Src/stm32l4xx_ll_gpio.o
 .text.LL_GPIO_SetAFPin_0_7
                0x000000000800a1fa       0x7a Drivers/STM32L4xx_HAL_Driver/Src/stm32l4xx_ll_gpio.o
 .text.LL_GPIO_SetAFPin_8_15
                0x000000000800a274       0x7e Drivers/STM32L4xx_HAL_Driver/Src/stm32l4xx_ll_gpio.o
 .text.LL_GPIO_Init
                0x000000000800a2f2       0xdc Drivers/STM32L4xx_HAL_Driver/Src/stm32l4xx_ll_gpio.o
                0x000000000800a2f2                LL_GPIO_Init
 *fill*         0x000000000800a3ce        0x2 
 .text.LL_RCC_HSI_IsReady
                0x000000000800a3d0       0x28 Drivers/STM32L4xx_HAL_Driver/Src/stm32l4xx_ll_rcc.o
 .text.LL_RCC_LSE_IsReady
                0x000000000800a3f8       0x28 Drivers/STM32L4xx_HAL_Driver/Src/stm32l4xx_ll_rcc.o
 .text.LL_RCC_MSI_IsEnabledRangeSelect
                0x000000000800a420       0x24 Drivers/STM32L4xx_HAL_Driver/Src/stm32l4xx_ll_rcc.o
 .text.LL_RCC_MSI_GetRange
                0x000000000800a444       0x1c Drivers/STM32L4xx_HAL_Driver/Src/stm32l4xx_ll_rcc.o
 .text.LL_RCC_MSI_GetRangeAfterStandby
                0x000000000800a460       0x1c Drivers/STM32L4xx_HAL_Driver/Src/stm32l4xx_ll_rcc.o
 .text.LL_RCC_GetSysClkSource
                0x000000000800a47c       0x1c Drivers/STM32L4xx_HAL_Driver/Src/stm32l4xx_ll_rcc.o
 .text.LL_RCC_GetAHBPrescaler
                0x000000000800a498       0x1c Drivers/STM32L4xx_HAL_Driver/Src/stm32l4xx_ll_rcc.o
 .text.LL_RCC_GetAPB1Prescaler
                0x000000000800a4b4       0x1c Drivers/STM32L4xx_HAL_Driver/Src/stm32l4xx_ll_rcc.o
 .text.LL_RCC_GetAPB2Prescaler
                0x000000000800a4d0       0x1c Drivers/STM32L4xx_HAL_Driver/Src/stm32l4xx_ll_rcc.o
 .text.LL_RCC_GetUSARTClockSource
                0x000000000800a4ec       0x28 Drivers/STM32L4xx_HAL_Driver/Src/stm32l4xx_ll_rcc.o
 .text.LL_RCC_GetUARTClockSource
                0x000000000800a514       0x28 Drivers/STM32L4xx_HAL_Driver/Src/stm32l4xx_ll_rcc.o
 .text.LL_RCC_PLL_GetMainSource
                0x000000000800a53c       0x1c Drivers/STM32L4xx_HAL_Driver/Src/stm32l4xx_ll_rcc.o
 .text.LL_RCC_PLL_GetN
                0x000000000800a558       0x1c Drivers/STM32L4xx_HAL_Driver/Src/stm32l4xx_ll_rcc.o
 .text.LL_RCC_PLL_GetR
                0x000000000800a574       0x1c Drivers/STM32L4xx_HAL_Driver/Src/stm32l4xx_ll_rcc.o
 .text.LL_RCC_PLL_GetDivider
                0x000000000800a590       0x1c Drivers/STM32L4xx_HAL_Driver/Src/stm32l4xx_ll_rcc.o
 .text.LL_RCC_GetUSARTClockFreq
                0x000000000800a5ac      0x1c8 Drivers/STM32L4xx_HAL_Driver/Src/stm32l4xx_ll_rcc.o
                0x000000000800a5ac                LL_RCC_GetUSARTClockFreq
 .text.LL_RCC_GetUARTClockFreq
                0x000000000800a774      0x130 Drivers/STM32L4xx_HAL_Driver/Src/stm32l4xx_ll_rcc.o
                0x000000000800a774                LL_RCC_GetUARTClockFreq
 .text.RCC_GetSystemClockFreq
                0x000000000800a8a4      0x120 Drivers/STM32L4xx_HAL_Driver/Src/stm32l4xx_ll_rcc.o
 .text.RCC_GetHCLKClockFreq
                0x000000000800a9c4       0x2c Drivers/STM32L4xx_HAL_Driver/Src/stm32l4xx_ll_rcc.o
 .text.RCC_GetPCLK1ClockFreq
                0x000000000800a9f0       0x28 Drivers/STM32L4xx_HAL_Driver/Src/stm32l4xx_ll_rcc.o
 .text.RCC_GetPCLK2ClockFreq
                0x000000000800aa18       0x28 Drivers/STM32L4xx_HAL_Driver/Src/stm32l4xx_ll_rcc.o
 .text.RCC_PLL_GetFreqDomain_SYS
                0x000000000800aa40      0x118 Drivers/STM32L4xx_HAL_Driver/Src/stm32l4xx_ll_rcc.o
 .text.LL_USART_IsEnabled
                0x000000000800ab58       0x26 Drivers/STM32L4xx_HAL_Driver/Src/stm32l4xx_ll_usart.o
 .text.LL_USART_SetStopBitsLength
                0x000000000800ab7e       0x26 Drivers/STM32L4xx_HAL_Driver/Src/stm32l4xx_ll_usart.o
 .text.LL_USART_SetHWFlowCtrl
                0x000000000800aba4       0x26 Drivers/STM32L4xx_HAL_Driver/Src/stm32l4xx_ll_usart.o
 .text.LL_USART_SetBaudRate
                0x000000000800abca       0x6e Drivers/STM32L4xx_HAL_Driver/Src/stm32l4xx_ll_usart.o
 .text.LL_USART_Init
                0x000000000800ac38       0xf8 Drivers/STM32L4xx_HAL_Driver/Src/stm32l4xx_ll_usart.o
                0x000000000800ac38                LL_USART_Init
 .text.__NVIC_SetPriority
                0x000000000800ad30       0x54 Middlewares/Third_Party/FreeRTOS/Source/CMSIS_RTOS_V2/cmsis_os2.o
 .text.SysTick_Handler
                0x000000000800ad84       0x20 Middlewares/Third_Party/FreeRTOS/Source/CMSIS_RTOS_V2/cmsis_os2.o
                0x000000000800ad84                SysTick_Handler
 .text.SVC_Setup
                0x000000000800ada4       0x12 Middlewares/Third_Party/FreeRTOS/Source/CMSIS_RTOS_V2/cmsis_os2.o
 *fill*         0x000000000800adb6        0x2 
 .text.osKernelInitialize
                0x000000000800adb8       0x48 Middlewares/Third_Party/FreeRTOS/Source/CMSIS_RTOS_V2/cmsis_os2.o
                0x000000000800adb8                osKernelInitialize
 .text.osKernelStart
                0x000000000800ae00       0x4c Middlewares/Third_Party/FreeRTOS/Source/CMSIS_RTOS_V2/cmsis_os2.o
                0x000000000800ae00                osKernelStart
 .text.osKernelLock
                0x000000000800ae4c       0x4c Middlewares/Third_Party/FreeRTOS/Source/CMSIS_RTOS_V2/cmsis_os2.o
                0x000000000800ae4c                osKernelLock
 .text.osKernelUnlock
                0x000000000800ae98       0x64 Middlewares/Third_Party/FreeRTOS/Source/CMSIS_RTOS_V2/cmsis_os2.o
                0x000000000800ae98                osKernelUnlock
 .text.osThreadNew
                0x000000000800aefc      0x124 Middlewares/Third_Party/FreeRTOS/Source/CMSIS_RTOS_V2/cmsis_os2.o
                0x000000000800aefc                osThreadNew
 .text.osThreadTerminate
                0x000000000800b020       0x5a Middlewares/Third_Party/FreeRTOS/Source/CMSIS_RTOS_V2/cmsis_os2.o
                0x000000000800b020                osThreadTerminate
 .text.osDelay  0x000000000800b07a       0x36 Middlewares/Third_Party/FreeRTOS/Source/CMSIS_RTOS_V2/cmsis_os2.o
                0x000000000800b07a                osDelay
 .text.TimerCallback
                0x000000000800b0b0       0x2a Middlewares/Third_Party/FreeRTOS/Source/CMSIS_RTOS_V2/cmsis_os2.o
 *fill*         0x000000000800b0da        0x2 
 .text.osTimerNew
                0x000000000800b0dc       0xf8 Middlewares/Third_Party/FreeRTOS/Source/CMSIS_RTOS_V2/cmsis_os2.o
                0x000000000800b0dc                osTimerNew
 .text.osTimerStart
                0x000000000800b1d4       0x5c Middlewares/Third_Party/FreeRTOS/Source/CMSIS_RTOS_V2/cmsis_os2.o
                0x000000000800b1d4                osTimerStart
 .text.osTimerStop
                0x000000000800b230       0x6e Middlewares/Third_Party/FreeRTOS/Source/CMSIS_RTOS_V2/cmsis_os2.o
                0x000000000800b230                osTimerStop
 .text.osMessageQueueNew
                0x000000000800b29e       0xe6 Middlewares/Third_Party/FreeRTOS/Source/CMSIS_RTOS_V2/cmsis_os2.o
                0x000000000800b29e                osMessageQueueNew
 .text.osMessageQueuePut
                0x000000000800b384       0xc0 Middlewares/Third_Party/FreeRTOS/Source/CMSIS_RTOS_V2/cmsis_os2.o
                0x000000000800b384                osMessageQueuePut
 .text.osMessageQueueGet
                0x000000000800b444       0xbc Middlewares/Third_Party/FreeRTOS/Source/CMSIS_RTOS_V2/cmsis_os2.o
                0x000000000800b444                osMessageQueueGet
 .text.vApplicationGetIdleTaskMemory
                0x000000000800b500       0x34 Middlewares/Third_Party/FreeRTOS/Source/CMSIS_RTOS_V2/cmsis_os2.o
                0x000000000800b500                vApplicationGetIdleTaskMemory
 .text.vApplicationGetTimerTaskMemory
                0x000000000800b534       0x34 Middlewares/Third_Party/FreeRTOS/Source/CMSIS_RTOS_V2/cmsis_os2.o
                0x000000000800b534                vApplicationGetTimerTaskMemory
 .text.vListInitialise
                0x000000000800b568       0x40 Middlewares/Third_Party/FreeRTOS/Source/list.o
                0x000000000800b568                vListInitialise
 .text.vListInitialiseItem
                0x000000000800b5a8       0x1a Middlewares/Third_Party/FreeRTOS/Source/list.o
                0x000000000800b5a8                vListInitialiseItem
 .text.vListInsertEnd
                0x000000000800b5c2       0x48 Middlewares/Third_Party/FreeRTOS/Source/list.o
                0x000000000800b5c2                vListInsertEnd
 .text.vListInsert
                0x000000000800b60a       0x72 Middlewares/Third_Party/FreeRTOS/Source/list.o
                0x000000000800b60a                vListInsert
 .text.uxListRemove
                0x000000000800b67c       0x54 Middlewares/Third_Party/FreeRTOS/Source/list.o
                0x000000000800b67c                uxListRemove
 .text.xQueueGenericReset
                0x000000000800b6d0       0xd0 Middlewares/Third_Party/FreeRTOS/Source/queue.o
                0x000000000800b6d0                xQueueGenericReset
 .text.xQueueGenericCreateStatic
                0x000000000800b7a0       0xf0 Middlewares/Third_Party/FreeRTOS/Source/queue.o
                0x000000000800b7a0                xQueueGenericCreateStatic
 .text.xQueueGenericCreate
                0x000000000800b890       0x74 Middlewares/Third_Party/FreeRTOS/Source/queue.o
                0x000000000800b890                xQueueGenericCreate
 .text.prvInitialiseNewQueue
                0x000000000800b904       0x46 Middlewares/Third_Party/FreeRTOS/Source/queue.o
 *fill*         0x000000000800b94a        0x2 
 .text.xQueueGenericSend
                0x000000000800b94c      0x1fc Middlewares/Third_Party/FreeRTOS/Source/queue.o
                0x000000000800b94c                xQueueGenericSend
 .text.xQueueGenericSendFromISR
                0x000000000800bb48      0x136 Middlewares/Third_Party/FreeRTOS/Source/queue.o
                0x000000000800bb48                xQueueGenericSendFromISR
 *fill*         0x000000000800bc7e        0x2 
 .text.xQueueReceive
                0x000000000800bc80      0x1c0 Middlewares/Third_Party/FreeRTOS/Source/queue.o
                0x000000000800bc80                xQueueReceive
 .text.xQueueReceiveFromISR
                0x000000000800be40      0x100 Middlewares/Third_Party/FreeRTOS/Source/queue.o
                0x000000000800be40                xQueueReceiveFromISR
 .text.prvCopyDataToQueue
                0x000000000800bf40       0xd4 Middlewares/Third_Party/FreeRTOS/Source/queue.o
 .text.prvCopyDataFromQueue
                0x000000000800c014       0x4c Middlewares/Third_Party/FreeRTOS/Source/queue.o
 .text.prvUnlockQueue
                0x000000000800c060       0xa4 Middlewares/Third_Party/FreeRTOS/Source/queue.o
 .text.prvIsQueueEmpty
                0x000000000800c104       0x2c Middlewares/Third_Party/FreeRTOS/Source/queue.o
 .text.prvIsQueueFull
                0x000000000800c130       0x30 Middlewares/Third_Party/FreeRTOS/Source/queue.o
 .text.vQueueAddToRegistry
                0x000000000800c160       0x54 Middlewares/Third_Party/FreeRTOS/Source/queue.o
                0x000000000800c160                vQueueAddToRegistry
 .text.vQueueWaitForMessageRestricted
                0x000000000800c1b4       0x68 Middlewares/Third_Party/FreeRTOS/Source/queue.o
                0x000000000800c1b4                vQueueWaitForMessageRestricted
 .text.xTaskCreateStatic
                0x000000000800c21c       0xba Middlewares/Third_Party/FreeRTOS/Source/tasks.o
                0x000000000800c21c                xTaskCreateStatic
 .text.xTaskCreate
                0x000000000800c2d6       0x8a Middlewares/Third_Party/FreeRTOS/Source/tasks.o
                0x000000000800c2d6                xTaskCreate
 .text.prvInitialiseNewTask
                0x000000000800c360      0x11e Middlewares/Third_Party/FreeRTOS/Source/tasks.o
 *fill*         0x000000000800c47e        0x2 
 .text.prvAddNewTaskToReadyList
                0x000000000800c480       0xe0 Middlewares/Third_Party/FreeRTOS/Source/tasks.o
 .text.vTaskDelete
                0x000000000800c560       0xe4 Middlewares/Third_Party/FreeRTOS/Source/tasks.o
                0x000000000800c560                vTaskDelete
 .text.vTaskDelay
                0x000000000800c644       0x68 Middlewares/Third_Party/FreeRTOS/Source/tasks.o
                0x000000000800c644                vTaskDelay
 .text.eTaskGetState
                0x000000000800c6ac       0xcc Middlewares/Third_Party/FreeRTOS/Source/tasks.o
                0x000000000800c6ac                eTaskGetState
 .text.vTaskStartScheduler
                0x000000000800c778       0xcc Middlewares/Third_Party/FreeRTOS/Source/tasks.o
                0x000000000800c778                vTaskStartScheduler
 .text.vTaskSuspendAll
                0x000000000800c844       0x1c Middlewares/Third_Party/FreeRTOS/Source/tasks.o
                0x000000000800c844                vTaskSuspendAll
 .text.xTaskResumeAll
                0x000000000800c860      0x13c Middlewares/Third_Party/FreeRTOS/Source/tasks.o
                0x000000000800c860                xTaskResumeAll
 .text.xTaskGetTickCount
                0x000000000800c99c       0x20 Middlewares/Third_Party/FreeRTOS/Source/tasks.o
                0x000000000800c99c                xTaskGetTickCount
 .text.xTaskIncrementTick
                0x000000000800c9bc      0x174 Middlewares/Third_Party/FreeRTOS/Source/tasks.o
                0x000000000800c9bc                xTaskIncrementTick
 .text.vTaskSwitchContext
                0x000000000800cb30       0xbc Middlewares/Third_Party/FreeRTOS/Source/tasks.o
                0x000000000800cb30                vTaskSwitchContext
 .text.vTaskPlaceOnEventList
                0x000000000800cbec       0x48 Middlewares/Third_Party/FreeRTOS/Source/tasks.o
                0x000000000800cbec                vTaskPlaceOnEventList
 .text.vTaskPlaceOnEventListRestricted
                0x000000000800cc34       0x58 Middlewares/Third_Party/FreeRTOS/Source/tasks.o
                0x000000000800cc34                vTaskPlaceOnEventListRestricted
 .text.xTaskRemoveFromEventList
                0x000000000800cc8c       0xc8 Middlewares/Third_Party/FreeRTOS/Source/tasks.o
                0x000000000800cc8c                xTaskRemoveFromEventList
 .text.vTaskInternalSetTimeOutState
                0x000000000800cd54       0x2c Middlewares/Third_Party/FreeRTOS/Source/tasks.o
                0x000000000800cd54                vTaskInternalSetTimeOutState
 .text.xTaskCheckForTimeOut
                0x000000000800cd80       0xc4 Middlewares/Third_Party/FreeRTOS/Source/tasks.o
                0x000000000800cd80                xTaskCheckForTimeOut
 .text.vTaskMissedYield
                0x000000000800ce44       0x18 Middlewares/Third_Party/FreeRTOS/Source/tasks.o
                0x000000000800ce44                vTaskMissedYield
 .text.prvIdleTask
                0x000000000800ce5c       0x30 Middlewares/Third_Party/FreeRTOS/Source/tasks.o
 .text.prvInitialiseTaskLists
                0x000000000800ce8c       0x80 Middlewares/Third_Party/FreeRTOS/Source/tasks.o
 .text.prvCheckTasksWaitingTermination
                0x000000000800cf0c       0x5c Middlewares/Third_Party/FreeRTOS/Source/tasks.o
 .text.prvDeleteTCB
                0x000000000800cf68       0x5e Middlewares/Third_Party/FreeRTOS/Source/tasks.o
 *fill*         0x000000000800cfc6        0x2 
 .text.prvResetNextTaskUnblockTime
                0x000000000800cfc8       0x40 Middlewares/Third_Party/FreeRTOS/Source/tasks.o
 .text.xTaskGetSchedulerState
                0x000000000800d008       0x3c Middlewares/Third_Party/FreeRTOS/Source/tasks.o
                0x000000000800d008                xTaskGetSchedulerState
 .text.xTaskPriorityDisinherit
                0x000000000800d044       0xdc Middlewares/Third_Party/FreeRTOS/Source/tasks.o
                0x000000000800d044                xTaskPriorityDisinherit
 .text.prvAddCurrentTaskToDelayedList
                0x000000000800d120       0xa8 Middlewares/Third_Party/FreeRTOS/Source/tasks.o
 .text.xTimerCreateTimerTask
                0x000000000800d1c8       0x90 Middlewares/Third_Party/FreeRTOS/Source/timers.o
                0x000000000800d1c8                xTimerCreateTimerTask
 .text.xTimerCreate
                0x000000000800d258       0x42 Middlewares/Third_Party/FreeRTOS/Source/timers.o
                0x000000000800d258                xTimerCreate
 .text.xTimerCreateStatic
                0x000000000800d29a       0x7c Middlewares/Third_Party/FreeRTOS/Source/timers.o
                0x000000000800d29a                xTimerCreateStatic
 .text.prvInitialiseNewTimer
                0x000000000800d316       0x76 Middlewares/Third_Party/FreeRTOS/Source/timers.o
 .text.xTimerGenericCommand
                0x000000000800d38c       0x9c Middlewares/Third_Party/FreeRTOS/Source/timers.o
                0x000000000800d38c                xTimerGenericCommand
 .text.prvProcessExpiredTimer
                0x000000000800d428       0x98 Middlewares/Third_Party/FreeRTOS/Source/timers.o
 .text.prvTimerTask
                0x000000000800d4c0       0x24 Middlewares/Third_Party/FreeRTOS/Source/timers.o
 .text.prvProcessTimerOrBlockTask
                0x000000000800d4e4       0x9c Middlewares/Third_Party/FreeRTOS/Source/timers.o
 .text.prvGetNextExpireTime
                0x000000000800d580       0x48 Middlewares/Third_Party/FreeRTOS/Source/timers.o
 .text.prvSampleTimeNow
                0x000000000800d5c8       0x40 Middlewares/Third_Party/FreeRTOS/Source/timers.o
 .text.prvInsertTimerInActiveList
                0x000000000800d608       0x84 Middlewares/Third_Party/FreeRTOS/Source/timers.o
 .text.prvProcessReceivedCommands
                0x000000000800d68c      0x1c4 Middlewares/Third_Party/FreeRTOS/Source/timers.o
 .text.prvSwitchTimerLists
                0x000000000800d850       0xc8 Middlewares/Third_Party/FreeRTOS/Source/timers.o
 .text.prvCheckForValidListAndQueue
                0x000000000800d918       0x80 Middlewares/Third_Party/FreeRTOS/Source/timers.o
 .text.xTimerIsTimerActive
                0x000000000800d998       0x52 Middlewares/Third_Party/FreeRTOS/Source/timers.o
                0x000000000800d998                xTimerIsTimerActive
 .text.pvTimerGetTimerID
                0x000000000800d9ea       0x40 Middlewares/Third_Party/FreeRTOS/Source/timers.o
                0x000000000800d9ea                pvTimerGetTimerID
 *fill*         0x000000000800da2a        0x2 
 .text.pxPortInitialiseStack
                0x000000000800da2c       0x68 Middlewares/Third_Party/FreeRTOS/Source/portable/GCC/ARM_CM4F/port.o
                0x000000000800da2c                pxPortInitialiseStack
 .text.prvTaskExitError
                0x000000000800da94       0x58 Middlewares/Third_Party/FreeRTOS/Source/portable/GCC/ARM_CM4F/port.o
 *fill*         0x000000000800daec        0x4 
 .text.SVC_Handler
                0x000000000800daf0       0x28 Middlewares/Third_Party/FreeRTOS/Source/portable/GCC/ARM_CM4F/port.o
                0x000000000800daf0                SVC_Handler
 .text.prvPortStartFirstTask
                0x000000000800db18       0x28 Middlewares/Third_Party/FreeRTOS/Source/portable/GCC/ARM_CM4F/port.o
 .text.xPortStartScheduler
                0x000000000800db40      0x144 Middlewares/Third_Party/FreeRTOS/Source/portable/GCC/ARM_CM4F/port.o
                0x000000000800db40                xPortStartScheduler
 .text.vPortEnterCritical
                0x000000000800dc84       0x60 Middlewares/Third_Party/FreeRTOS/Source/portable/GCC/ARM_CM4F/port.o
                0x000000000800dc84                vPortEnterCritical
 .text.vPortExitCritical
                0x000000000800dce4       0x54 Middlewares/Third_Party/FreeRTOS/Source/portable/GCC/ARM_CM4F/port.o
                0x000000000800dce4                vPortExitCritical
 *fill*         0x000000000800dd38        0x8 
 .text.PendSV_Handler
                0x000000000800dd40       0x68 Middlewares/Third_Party/FreeRTOS/Source/portable/GCC/ARM_CM4F/port.o
                0x000000000800dd40                PendSV_Handler
 .text.xPortSysTickHandler
                0x000000000800dda8       0x44 Middlewares/Third_Party/FreeRTOS/Source/portable/GCC/ARM_CM4F/port.o
                0x000000000800dda8                xPortSysTickHandler
 .text.vPortSetupTimerInterrupt
                0x000000000800ddec       0x48 Middlewares/Third_Party/FreeRTOS/Source/portable/GCC/ARM_CM4F/port.o
                0x000000000800ddec                vPortSetupTimerInterrupt
 .text.vPortEnableVFP
                0x000000000800de34       0x14 Middlewares/Third_Party/FreeRTOS/Source/portable/GCC/ARM_CM4F/port.o
 .text.vPortValidateInterruptPriority
                0x000000000800de48       0x80 Middlewares/Third_Party/FreeRTOS/Source/portable/GCC/ARM_CM4F/port.o
                0x000000000800de48                vPortValidateInterruptPriority
 .text.pvPortMalloc
                0x000000000800dec8      0x198 Middlewares/Third_Party/FreeRTOS/Source/portable/MemMang/heap_4.o
                0x000000000800dec8                pvPortMalloc
 .text.vPortFree
                0x000000000800e060       0xc4 Middlewares/Third_Party/FreeRTOS/Source/portable/MemMang/heap_4.o
                0x000000000800e060                vPortFree
 .text.prvHeapInit
                0x000000000800e124       0xc4 Middlewares/Third_Party/FreeRTOS/Source/portable/MemMang/heap_4.o
 .text.prvInsertBlockIntoFreeList
                0x000000000800e1e8       0xb4 Middlewares/Third_Party/FreeRTOS/Source/portable/MemMang/heap_4.o
 .text.__errno  0x000000000800e29c        0xc d:/stm32cubeide/stm32cubeide_1.6.1/stm32cubeide/plugins/com.st.stm32cube.ide.mcu.externaltools.gnu-tools-for-stm32.9-2020-q2-update.win32_1.5.0.202011040924/tools/bin/../lib/gcc/arm-none-eabi/9.3.1/../../../../arm-none-eabi/lib/thumb/v7e-m+fp/hard\libc_nano.a(lib_a-errno.o)
                0x000000000800e29c                __errno
 .text.__libc_init_array
                0x000000000800e2a8       0x48 d:/stm32cubeide/stm32cubeide_1.6.1/stm32cubeide/plugins/com.st.stm32cube.ide.mcu.externaltools.gnu-tools-for-stm32.9-2020-q2-update.win32_1.5.0.202011040924/tools/bin/../lib/gcc/arm-none-eabi/9.3.1/../../../../arm-none-eabi/lib/thumb/v7e-m+fp/hard\libc_nano.a(lib_a-init.o)
                0x000000000800e2a8                __libc_init_array
 .text.malloc   0x000000000800e2f0       0x10 d:/stm32cubeide/stm32cubeide_1.6.1/stm32cubeide/plugins/com.st.stm32cube.ide.mcu.externaltools.gnu-tools-for-stm32.9-2020-q2-update.win32_1.5.0.202011040924/tools/bin/../lib/gcc/arm-none-eabi/9.3.1/../../../../arm-none-eabi/lib/thumb/v7e-m+fp/hard\libc_nano.a(lib_a-malloc.o)
                0x000000000800e2f0                malloc
 .text.free     0x000000000800e300       0x10 d:/stm32cubeide/stm32cubeide_1.6.1/stm32cubeide/plugins/com.st.stm32cube.ide.mcu.externaltools.gnu-tools-for-stm32.9-2020-q2-update.win32_1.5.0.202011040924/tools/bin/../lib/gcc/arm-none-eabi/9.3.1/../../../../arm-none-eabi/lib/thumb/v7e-m+fp/hard\libc_nano.a(lib_a-malloc.o)
                0x000000000800e300                free
 .text.memcpy   0x000000000800e310       0x1c d:/stm32cubeide/stm32cubeide_1.6.1/stm32cubeide/plugins/com.st.stm32cube.ide.mcu.externaltools.gnu-tools-for-stm32.9-2020-q2-update.win32_1.5.0.202011040924/tools/bin/../lib/gcc/arm-none-eabi/9.3.1/../../../../arm-none-eabi/lib/thumb/v7e-m+fp/hard\libc_nano.a(lib_a-memcpy-stub.o)
                0x000000000800e310                memcpy
 .text.memset   0x000000000800e32c       0x10 d:/stm32cubeide/stm32cubeide_1.6.1/stm32cubeide/plugins/com.st.stm32cube.ide.mcu.externaltools.gnu-tools-for-stm32.9-2020-q2-update.win32_1.5.0.202011040924/tools/bin/../lib/gcc/arm-none-eabi/9.3.1/../../../../arm-none-eabi/lib/thumb/v7e-m+fp/hard\libc_nano.a(lib_a-memset.o)
                0x000000000800e32c                memset
 .text._free_r  0x000000000800e33c       0xa0 d:/stm32cubeide/stm32cubeide_1.6.1/stm32cubeide/plugins/com.st.stm32cube.ide.mcu.externaltools.gnu-tools-for-stm32.9-2020-q2-update.win32_1.5.0.202011040924/tools/bin/../lib/gcc/arm-none-eabi/9.3.1/../../../../arm-none-eabi/lib/thumb/v7e-m+fp/hard\libc_nano.a(lib_a-nano-freer.o)
                0x000000000800e33c                _free_r
 .text._malloc_r
                0x000000000800e3dc       0xb4 d:/stm32cubeide/stm32cubeide_1.6.1/stm32cubeide/plugins/com.st.stm32cube.ide.mcu.externaltools.gnu-tools-for-stm32.9-2020-q2-update.win32_1.5.0.202011040924/tools/bin/../lib/gcc/arm-none-eabi/9.3.1/../../../../arm-none-eabi/lib/thumb/v7e-m+fp/hard\libc_nano.a(lib_a-nano-mallocr.o)
                0x000000000800e3dc                _malloc_r
 .text._sbrk_r  0x000000000800e490       0x20 d:/stm32cubeide/stm32cubeide_1.6.1/stm32cubeide/plugins/com.st.stm32cube.ide.mcu.externaltools.gnu-tools-for-stm32.9-2020-q2-update.win32_1.5.0.202011040924/tools/bin/../lib/gcc/arm-none-eabi/9.3.1/../../../../arm-none-eabi/lib/thumb/v7e-m+fp/hard\libc_nano.a(lib_a-sbrkr.o)
                0x000000000800e490                _sbrk_r
 .text.strcasecmp
                0x000000000800e4b0       0x38 d:/stm32cubeide/stm32cubeide_1.6.1/stm32cubeide/plugins/com.st.stm32cube.ide.mcu.externaltools.gnu-tools-for-stm32.9-2020-q2-update.win32_1.5.0.202011040924/tools/bin/../lib/gcc/arm-none-eabi/9.3.1/../../../../arm-none-eabi/lib/thumb/v7e-m+fp/hard\libc_nano.a(lib_a-strcasecmp.o)
                0x000000000800e4b0                strcasecmp
 .text.strncpy  0x000000000800e4e8       0x26 d:/stm32cubeide/stm32cubeide_1.6.1/stm32cubeide/plugins/com.st.stm32cube.ide.mcu.externaltools.gnu-tools-for-stm32.9-2020-q2-update.win32_1.5.0.202011040924/tools/bin/../lib/gcc/arm-none-eabi/9.3.1/../../../../arm-none-eabi/lib/thumb/v7e-m+fp/hard\libc_nano.a(lib_a-strncpy.o)
                0x000000000800e4e8                strncpy
 *fill*         0x000000000800e50e        0x2 
 .text._strtoul_l.isra.0
                0x000000000800e510       0xf8 d:/stm32cubeide/stm32cubeide_1.6.1/stm32cubeide/plugins/com.st.stm32cube.ide.mcu.externaltools.gnu-tools-for-stm32.9-2020-q2-update.win32_1.5.0.202011040924/tools/bin/../lib/gcc/arm-none-eabi/9.3.1/../../../../arm-none-eabi/lib/thumb/v7e-m+fp/hard\libc_nano.a(lib_a-strtoul.o)
 .text.strtoul  0x000000000800e608       0x14 d:/stm32cubeide/stm32cubeide_1.6.1/stm32cubeide/plugins/com.st.stm32cube.ide.mcu.externaltools.gnu-tools-for-stm32.9-2020-q2-update.win32_1.5.0.202011040924/tools/bin/../lib/gcc/arm-none-eabi/9.3.1/../../../../arm-none-eabi/lib/thumb/v7e-m+fp/hard\libc_nano.a(lib_a-strtoul.o)
                0x000000000800e608                strtoul
 .text.__malloc_lock
                0x000000000800e61c        0xc d:/stm32cubeide/stm32cubeide_1.6.1/stm32cubeide/plugins/com.st.stm32cube.ide.mcu.externaltools.gnu-tools-for-stm32.9-2020-q2-update.win32_1.5.0.202011040924/tools/bin/../lib/gcc/arm-none-eabi/9.3.1/../../../../arm-none-eabi/lib/thumb/v7e-m+fp/hard\libc_nano.a(lib_a-mlock.o)
                0x000000000800e61c                __malloc_lock
 .text.__malloc_unlock
                0x000000000800e628        0xc d:/stm32cubeide/stm32cubeide_1.6.1/stm32cubeide/plugins/com.st.stm32cube.ide.mcu.externaltools.gnu-tools-for-stm32.9-2020-q2-update.win32_1.5.0.202011040924/tools/bin/../lib/gcc/arm-none-eabi/9.3.1/../../../../arm-none-eabi/lib/thumb/v7e-m+fp/hard\libc_nano.a(lib_a-mlock.o)
                0x000000000800e628                __malloc_unlock
 .text.__retarget_lock_acquire_recursive
                0x000000000800e634        0x2 d:/stm32cubeide/stm32cubeide_1.6.1/stm32cubeide/plugins/com.st.stm32cube.ide.mcu.externaltools.gnu-tools-for-stm32.9-2020-q2-update.win32_1.5.0.202011040924/tools/bin/../lib/gcc/arm-none-eabi/9.3.1/../../../../arm-none-eabi/lib/thumb/v7e-m+fp/hard\libc_nano.a(lib_a-lock.o)
                0x000000000800e634                __retarget_lock_acquire_recursive
 .text.__retarget_lock_release_recursive
                0x000000000800e636        0x2 d:/stm32cubeide/stm32cubeide_1.6.1/stm32cubeide/plugins/com.st.stm32cube.ide.mcu.externaltools.gnu-tools-for-stm32.9-2020-q2-update.win32_1.5.0.202011040924/tools/bin/../lib/gcc/arm-none-eabi/9.3.1/../../../../arm-none-eabi/lib/thumb/v7e-m+fp/hard\libc_nano.a(lib_a-lock.o)
                0x000000000800e636                __retarget_lock_release_recursive
 *(.glue_7)
 .glue_7        0x000000000800e638        0x0 linker stubs
 *(.glue_7t)
 .glue_7t       0x000000000800e638        0x0 linker stubs
 *(.eh_frame)
 .eh_frame      0x000000000800e638        0x0 d:/stm32cubeide/stm32cubeide_1.6.1/stm32cubeide/plugins/com.st.stm32cube.ide.mcu.externaltools.gnu-tools-for-stm32.9-2020-q2-update.win32_1.5.0.202011040924/tools/bin/../lib/gcc/arm-none-eabi/9.3.1/thumb/v7e-m+fp/hard/crtbegin.o
 *(.init)
 .init          0x000000000800e638        0x4 d:/stm32cubeide/stm32cubeide_1.6.1/stm32cubeide/plugins/com.st.stm32cube.ide.mcu.externaltools.gnu-tools-for-stm32.9-2020-q2-update.win32_1.5.0.202011040924/tools/bin/../lib/gcc/arm-none-eabi/9.3.1/thumb/v7e-m+fp/hard/crti.o
                0x000000000800e638                _init
 .init          0x000000000800e63c        0x8 d:/stm32cubeide/stm32cubeide_1.6.1/stm32cubeide/plugins/com.st.stm32cube.ide.mcu.externaltools.gnu-tools-for-stm32.9-2020-q2-update.win32_1.5.0.202011040924/tools/bin/../lib/gcc/arm-none-eabi/9.3.1/thumb/v7e-m+fp/hard/crtn.o
 *(.fini)
 .fini          0x000000000800e644        0x4 d:/stm32cubeide/stm32cubeide_1.6.1/stm32cubeide/plugins/com.st.stm32cube.ide.mcu.externaltools.gnu-tools-for-stm32.9-2020-q2-update.win32_1.5.0.202011040924/tools/bin/../lib/gcc/arm-none-eabi/9.3.1/thumb/v7e-m+fp/hard/crti.o
                0x000000000800e644                _fini
 .fini          0x000000000800e648        0x8 d:/stm32cubeide/stm32cubeide_1.6.1/stm32cubeide/plugins/com.st.stm32cube.ide.mcu.externaltools.gnu-tools-for-stm32.9-2020-q2-update.win32_1.5.0.202011040924/tools/bin/../lib/gcc/arm-none-eabi/9.3.1/thumb/v7e-m+fp/hard/crtn.o
                0x000000000800e650                . = ALIGN (0x4)
                0x000000000800e650                _etext = .

.vfp11_veneer   0x000000000800e650        0x0
 .vfp11_veneer  0x000000000800e650        0x0 linker stubs

.v4_bx          0x000000000800e650        0x0
 .v4_bx         0x000000000800e650        0x0 linker stubs

.iplt           0x000000000800e650        0x0
 .iplt          0x000000000800e650        0x0 d:/stm32cubeide/stm32cubeide_1.6.1/stm32cubeide/plugins/com.st.stm32cube.ide.mcu.externaltools.gnu-tools-for-stm32.9-2020-q2-update.win32_1.5.0.202011040924/tools/bin/../lib/gcc/arm-none-eabi/9.3.1/thumb/v7e-m+fp/hard/crtbegin.o

.rodata         0x000000000800e650     0x1604
                0x000000000800e650                . = ALIGN (0x4)
 *(.rodata)
 .rodata        0x000000000800e650       0xa3 Core/Src/MAX31855K.o
 *fill*         0x000000000800e6f3        0x1 
 .rodata        0x000000000800e6f4      0x181 Core/Src/active.o
 *fill*         0x000000000800e875        0x3 
 .rodata        0x000000000800e878      0x395 Core/Src/cmd.o
 *fill*         0x000000000800ec0d        0x3 
 .rodata        0x000000000800ec10      0x169 Core/Src/console.o
 *fill*         0x000000000800ed79        0x3 
 .rodata        0x000000000800ed7c      0x2f4 Core/Src/log.o
 .rodata        0x000000000800f070       0x14 Core/Src/main.o
 .rodata        0x000000000800f084       0x18 Core/Src/printf.o
 .rodata        0x000000000800f09c      0x7fb Core/Src/reflow.o
 *fill*         0x000000000800f897        0x1 
 .rodata        0x000000000800f898       0x99 Core/Src/uart.o
 *fill*         0x000000000800f931        0x3 
 .rodata        0x000000000800f934        0x5 Middlewares/Third_Party/FreeRTOS/Source/tasks.o
 *fill*         0x000000000800f939        0x3 
 .rodata        0x000000000800f93c        0xd Middlewares/Third_Party/FreeRTOS/Source/timers.o
 *(.rodata*)
 *fill*         0x000000000800f949        0x3 
 .rodata.initEvt.9725
                0x000000000800f94c        0x4 Core/Src/active.o
 .rodata.thread_attr.10661
                0x000000000800f950       0x24 Core/Src/cmd.o
 .rodata.thread_attr.11785
                0x000000000800f974       0x24 Core/Src/console.o
 .rodata.defaultTask_attributes
                0x000000000800f998       0x24 Core/Src/main.o
                0x000000000800f998                defaultTask_attributes
 .rodata.reflow_cfg
                0x000000000800f9bc       0x14 Core/Src/main.o
 .rodata.pow10.9677
                0x000000000800f9d0       0x50 Core/Src/printf.o
 .rodata.reflow_cmd_infos
                0x000000000800fa20       0x30 Core/Src/reflow.o
 .rodata.stop_evt
                0x000000000800fa50        0x4 Core/Src/reflow.o
 .rodata.Reflow_state_table
                0x000000000800fa54       0x90 Core/Src/reflow.o
 .rodata.reflow_pid_cfg.10763
                0x000000000800fae4       0x1c Core/Src/reflow.o
 .rodata.reachtemp_evt.10775
                0x000000000800fb00        0x4 Core/Src/reflow.o
 .rodata.start_evt.10787
                0x000000000800fb04        0x4 Core/Src/reflow.o
 .rodata.AHBPrescTable
                0x000000000800fb08       0x10 Core/Src/system_stm32l4xx.o
                0x000000000800fb08                AHBPrescTable
 .rodata.APBPrescTable
                0x000000000800fb18        0x8 Core/Src/system_stm32l4xx.o
                0x000000000800fb18                APBPrescTable
 .rodata.MSIRangeTable
                0x000000000800fb20       0x30 Core/Src/system_stm32l4xx.o
                0x000000000800fb20                MSIRangeTable
 .rodata._ctype_
                0x000000000800fb50      0x101 d:/stm32cubeide/stm32cubeide_1.6.1/stm32cubeide/plugins/com.st.stm32cube.ide.mcu.externaltools.gnu-tools-for-stm32.9-2020-q2-update.win32_1.5.0.202011040924/tools/bin/../lib/gcc/arm-none-eabi/9.3.1/../../../../arm-none-eabi/lib/thumb/v7e-m+fp/hard\libc_nano.a(lib_a-ctype_.o)
                0x000000000800fb50                _ctype_
                0x000000000800fc54                . = ALIGN (0x4)
 *fill*         0x000000000800fc51        0x3 

.ARM.extab      0x000000000800fc54        0x0
                0x000000000800fc54                . = ALIGN (0x4)
 *(.ARM.extab* .gnu.linkonce.armextab.*)
                0x000000000800fc54                . = ALIGN (0x4)

.ARM            0x000000000800fc54        0x8
                0x000000000800fc54                . = ALIGN (0x4)
                0x000000000800fc54                __exidx_start = .
 *(.ARM.exidx*)
 .ARM.exidx     0x000000000800fc54        0x8 d:/stm32cubeide/stm32cubeide_1.6.1/stm32cubeide/plugins/com.st.stm32cube.ide.mcu.externaltools.gnu-tools-for-stm32.9-2020-q2-update.win32_1.5.0.202011040924/tools/bin/../lib/gcc/arm-none-eabi/9.3.1/thumb/v7e-m+fp/hard\libgcc.a(_udivmoddi4.o)
                0x000000000800fc5c                __exidx_end = .
                0x000000000800fc5c                . = ALIGN (0x4)

.rel.dyn        0x000000000800fc5c        0x0
 .rel.iplt      0x000000000800fc5c        0x0 d:/stm32cubeide/stm32cubeide_1.6.1/stm32cubeide/plugins/com.st.stm32cube.ide.mcu.externaltools.gnu-tools-for-stm32.9-2020-q2-update.win32_1.5.0.202011040924/tools/bin/../lib/gcc/arm-none-eabi/9.3.1/thumb/v7e-m+fp/hard/crtbegin.o

.preinit_array  0x000000000800fc5c        0x0
                0x000000000800fc5c                . = ALIGN (0x4)
                0x000000000800fc5c                PROVIDE (__preinit_array_start = .)
 *(.preinit_array*)
                0x000000000800fc5c                PROVIDE (__preinit_array_end = .)
                0x000000000800fc5c                . = ALIGN (0x4)

.init_array     0x000000000800fc5c        0x4
                0x000000000800fc5c                . = ALIGN (0x4)
                0x000000000800fc5c                PROVIDE (__init_array_start = .)
 *(SORT_BY_NAME(.init_array.*))
 *(.init_array*)
 .init_array    0x000000000800fc5c        0x4 d:/stm32cubeide/stm32cubeide_1.6.1/stm32cubeide/plugins/com.st.stm32cube.ide.mcu.externaltools.gnu-tools-for-stm32.9-2020-q2-update.win32_1.5.0.202011040924/tools/bin/../lib/gcc/arm-none-eabi/9.3.1/thumb/v7e-m+fp/hard/crtbegin.o
                0x000000000800fc60                PROVIDE (__init_array_end = .)
                0x000000000800fc60                . = ALIGN (0x4)

.fini_array     0x000000000800fc60        0x4
                0x000000000800fc60                . = ALIGN (0x4)
                [!provide]                        PROVIDE (__fini_array_start = .)
 *(SORT_BY_NAME(.fini_array.*))
 *(.fini_array*)
 .fini_array    0x000000000800fc60        0x4 d:/stm32cubeide/stm32cubeide_1.6.1/stm32cubeide/plugins/com.st.stm32cube.ide.mcu.externaltools.gnu-tools-for-stm32.9-2020-q2-update.win32_1.5.0.202011040924/tools/bin/../lib/gcc/arm-none-eabi/9.3.1/thumb/v7e-m+fp/hard/crtbegin.o
                [!provide]                        PROVIDE (__fini_array_end = .)
                0x000000000800fc64                . = ALIGN (0x4)
                0x000000000800fc64                _sidata = LOADADDR (.data)

.data           0x0000000020000000      0x200 load address 0x000000000800fc64
                0x0000000020000000                . = ALIGN (0x4)
                0x0000000020000000                _sdata = .
 *(.data)
 *(.data*)
 .data.max_err_names
                0x0000000020000000       0x18 Core/Src/MAX31855K.o
 .data.TAG      0x0000000020000018        0x4 Core/Src/active.o
 .data.TAG      0x000000002000001c        0x4 Core/Src/cmd.o
 .data.TAG      0x0000000020000020        0x4 Core/Src/console.o
 .data.cmd_evt  0x0000000020000024        0x8 Core/Src/console.o
 .data.log_level_names
                0x000000002000002c       0x18 Core/Src/log.o
 .data.log_cmds
                0x0000000020000044       0x18 Core/Src/log.o
 .data.log_client_info
                0x000000002000005c       0x18 Core/Src/log.o
 .data.TAG      0x0000000020000074        0x4 Core/Src/log.o
 .data._log_active
                0x0000000020000078        0x1 Core/Src/log.o
                0x0000000020000078                _log_active
 *fill*         0x0000000020000079        0x3 
 .data._global_log_level
                0x000000002000007c        0x4 Core/Src/log.o
                0x000000002000007c                _global_log_level
 .data.reflow_ao
                0x0000000020000080       0xa4 Core/Src/reflow.o
 .data.TAG      0x0000000020000124        0x4 Core/Src/reflow.o
 .data.reflow_names
                0x0000000020000128       0x18 Core/Src/reflow.o
 .data.reflow_client_info
                0x0000000020000140       0x18 Core/Src/reflow.o
 .data.SystemCoreClock
                0x0000000020000158        0x4 Core/Src/system_stm32l4xx.o
                0x0000000020000158                SystemCoreClock
 .data.pm_names
                0x000000002000015c       0x18 Core/Src/uart.o
 .data.uart_client_info
                0x0000000020000174       0x18 Core/Src/uart.o
 .data.TAG      0x000000002000018c        0x4 Core/Src/uart.o
 .data.uwTickPrio
                0x0000000020000190        0x4 Drivers/STM32L4xx_HAL_Driver/Src/stm32l4xx_hal.o
                0x0000000020000190                uwTickPrio
 .data.uwTickFreq
                0x0000000020000194        0x1 Drivers/STM32L4xx_HAL_Driver/Src/stm32l4xx_hal.o
                0x0000000020000194                uwTickFreq
 *fill*         0x0000000020000195        0x3 
 .data.uxCriticalNesting
                0x0000000020000198        0x4 Middlewares/Third_Party/FreeRTOS/Source/portable/GCC/ARM_CM4F/port.o
 .data._impure_ptr
                0x000000002000019c        0x4 d:/stm32cubeide/stm32cubeide_1.6.1/stm32cubeide/plugins/com.st.stm32cube.ide.mcu.externaltools.gnu-tools-for-stm32.9-2020-q2-update.win32_1.5.0.202011040924/tools/bin/../lib/gcc/arm-none-eabi/9.3.1/../../../../arm-none-eabi/lib/thumb/v7e-m+fp/hard\libc_nano.a(lib_a-impure.o)
                0x000000002000019c                _impure_ptr
 .data.impure_data
                0x00000000200001a0       0x60 d:/stm32cubeide/stm32cubeide_1.6.1/stm32cubeide/plugins/com.st.stm32cube.ide.mcu.externaltools.gnu-tools-for-stm32.9-2020-q2-update.win32_1.5.0.202011040924/tools/bin/../lib/gcc/arm-none-eabi/9.3.1/../../../../arm-none-eabi/lib/thumb/v7e-m+fp/hard\libc_nano.a(lib_a-impure.o)
 *(.RamFunc)
 *(.RamFunc*)
                0x0000000020000200                . = ALIGN (0x4)
                0x0000000020000200                _edata = .

.igot.plt       0x0000000020000200        0x0 load address 0x000000000800fe64
 .igot.plt      0x0000000020000200        0x0 d:/stm32cubeide/stm32cubeide_1.6.1/stm32cubeide/plugins/com.st.stm32cube.ide.mcu.externaltools.gnu-tools-for-stm32.9-2020-q2-update.win32_1.5.0.202011040924/tools/bin/../lib/gcc/arm-none-eabi/9.3.1/thumb/v7e-m+fp/hard/crtbegin.o
                0x0000000020000200                . = ALIGN (0x4)

.bss            0x0000000020000200     0x4f28 load address 0x000000000800fe64
                0x0000000020000200                _sbss = .
                0x0000000020000200                __bss_start__ = _sbss
 *(.bss)
 .bss           0x0000000020000200       0x1c d:/stm32cubeide/stm32cubeide_1.6.1/stm32cubeide/plugins/com.st.stm32cube.ide.mcu.externaltools.gnu-tools-for-stm32.9-2020-q2-update.win32_1.5.0.202011040924/tools/bin/../lib/gcc/arm-none-eabi/9.3.1/thumb/v7e-m+fp/hard/crtbegin.o
 *(.bss*)
 .bss.max       0x000000002000021c       0x1c Core/Src/MAX31855K.o
 .bss.time_events
                0x0000000020000238       0x28 Core/Src/active.o
 .bss.num_time_events
                0x0000000020000260        0x1 Core/Src/active.o
 .bss.first_arm
                0x0000000020000261        0x1 Core/Src/active.o
 *fill*         0x0000000020000262        0x2 
 .bss.client_infos
                0x0000000020000264       0x28 Core/Src/cmd.o
 .bss.cmd_ao    0x000000002000028c       0x34 Core/Src/cmd.o
 .bss.console   0x00000000200002c0       0x3c Core/Src/console.o
 .bss.log_head  0x00000000200002fc        0x4 Core/Src/log.o
 .bss.cache_state
                0x0000000020000300      0x100 Core/Src/log.o
 .bss.__sbrk_heap_end
                0x0000000020000400        0x4 Core/Src/sysmem.o
 .bss.uart      0x0000000020000404      0x40c Core/Src/uart.o
 .bss.uart_pms  0x0000000020000810        0xc Core/Src/uart.o
 .bss.KernelState
                0x000000002000081c        0x4 Middlewares/Third_Party/FreeRTOS/Source/CMSIS_RTOS_V2/cmsis_os2.o
 .bss.Idle_TCB.10684
                0x0000000020000820       0x5c Middlewares/Third_Party/FreeRTOS/Source/CMSIS_RTOS_V2/cmsis_os2.o
 .bss.Idle_Stack.10685
                0x000000002000087c      0x200 Middlewares/Third_Party/FreeRTOS/Source/CMSIS_RTOS_V2/cmsis_os2.o
 .bss.Timer_TCB.10691
                0x0000000020000a7c       0x5c Middlewares/Third_Party/FreeRTOS/Source/CMSIS_RTOS_V2/cmsis_os2.o
 .bss.Timer_Stack.10692
                0x0000000020000ad8      0x400 Middlewares/Third_Party/FreeRTOS/Source/CMSIS_RTOS_V2/cmsis_os2.o
 .bss.pxCurrentTCB
                0x0000000020000ed8        0x4 Middlewares/Third_Party/FreeRTOS/Source/tasks.o
                0x0000000020000ed8                pxCurrentTCB
 .bss.pxReadyTasksLists
                0x0000000020000edc      0x460 Middlewares/Third_Party/FreeRTOS/Source/tasks.o
 .bss.xDelayedTaskList1
                0x000000002000133c       0x14 Middlewares/Third_Party/FreeRTOS/Source/tasks.o
 .bss.xDelayedTaskList2
                0x0000000020001350       0x14 Middlewares/Third_Party/FreeRTOS/Source/tasks.o
 .bss.pxDelayedTaskList
                0x0000000020001364        0x4 Middlewares/Third_Party/FreeRTOS/Source/tasks.o
 .bss.pxOverflowDelayedTaskList
                0x0000000020001368        0x4 Middlewares/Third_Party/FreeRTOS/Source/tasks.o
 .bss.xPendingReadyList
                0x000000002000136c       0x14 Middlewares/Third_Party/FreeRTOS/Source/tasks.o
 .bss.xTasksWaitingTermination
                0x0000000020001380       0x14 Middlewares/Third_Party/FreeRTOS/Source/tasks.o
 .bss.uxDeletedTasksWaitingCleanUp
                0x0000000020001394        0x4 Middlewares/Third_Party/FreeRTOS/Source/tasks.o
 .bss.xSuspendedTaskList
                0x0000000020001398       0x14 Middlewares/Third_Party/FreeRTOS/Source/tasks.o
 .bss.uxCurrentNumberOfTasks
                0x00000000200013ac        0x4 Middlewares/Third_Party/FreeRTOS/Source/tasks.o
 .bss.xTickCount
                0x00000000200013b0        0x4 Middlewares/Third_Party/FreeRTOS/Source/tasks.o
 .bss.uxTopReadyPriority
                0x00000000200013b4        0x4 Middlewares/Third_Party/FreeRTOS/Source/tasks.o
 .bss.xSchedulerRunning
                0x00000000200013b8        0x4 Middlewares/Third_Party/FreeRTOS/Source/tasks.o
 .bss.xPendedTicks
                0x00000000200013bc        0x4 Middlewares/Third_Party/FreeRTOS/Source/tasks.o
 .bss.xYieldPending
                0x00000000200013c0        0x4 Middlewares/Third_Party/FreeRTOS/Source/tasks.o
 .bss.xNumOfOverflows
                0x00000000200013c4        0x4 Middlewares/Third_Party/FreeRTOS/Source/tasks.o
 .bss.uxTaskNumber
                0x00000000200013c8        0x4 Middlewares/Third_Party/FreeRTOS/Source/tasks.o
 .bss.xNextTaskUnblockTime
                0x00000000200013cc        0x4 Middlewares/Third_Party/FreeRTOS/Source/tasks.o
 .bss.xIdleTaskHandle
                0x00000000200013d0        0x4 Middlewares/Third_Party/FreeRTOS/Source/tasks.o
 .bss.uxSchedulerSuspended
                0x00000000200013d4        0x4 Middlewares/Third_Party/FreeRTOS/Source/tasks.o
 .bss.xActiveTimerList1
                0x00000000200013d8       0x14 Middlewares/Third_Party/FreeRTOS/Source/timers.o
 .bss.xActiveTimerList2
                0x00000000200013ec       0x14 Middlewares/Third_Party/FreeRTOS/Source/timers.o
 .bss.pxCurrentTimerList
                0x0000000020001400        0x4 Middlewares/Third_Party/FreeRTOS/Source/timers.o
 .bss.pxOverflowTimerList
                0x0000000020001404        0x4 Middlewares/Third_Party/FreeRTOS/Source/timers.o
 .bss.xTimerQueue
                0x0000000020001408        0x4 Middlewares/Third_Party/FreeRTOS/Source/timers.o
 .bss.xTimerTaskHandle
                0x000000002000140c        0x4 Middlewares/Third_Party/FreeRTOS/Source/timers.o
 .bss.xLastTime.6925
                0x0000000020001410        0x4 Middlewares/Third_Party/FreeRTOS/Source/timers.o
 .bss.ucStaticTimerQueueStorage.6976
                0x0000000020001414       0xa0 Middlewares/Third_Party/FreeRTOS/Source/timers.o
 .bss.xStaticTimerQueue.6975
                0x00000000200014b4       0x50 Middlewares/Third_Party/FreeRTOS/Source/timers.o
 .bss.ucMaxSysCallPriority
                0x0000000020001504        0x1 Middlewares/Third_Party/FreeRTOS/Source/portable/GCC/ARM_CM4F/port.o
 *fill*         0x0000000020001505        0x3 
 .bss.ulMaxPRIGROUPValue
                0x0000000020001508        0x4 Middlewares/Third_Party/FreeRTOS/Source/portable/GCC/ARM_CM4F/port.o
 .bss.ucHeap    0x000000002000150c     0x3a98 Middlewares/Third_Party/FreeRTOS/Source/portable/MemMang/heap_4.o
 .bss.xStart    0x0000000020004fa4        0x8 Middlewares/Third_Party/FreeRTOS/Source/portable/MemMang/heap_4.o
 .bss.pxEnd     0x0000000020004fac        0x4 Middlewares/Third_Party/FreeRTOS/Source/portable/MemMang/heap_4.o
 .bss.xFreeBytesRemaining
                0x0000000020004fb0        0x4 Middlewares/Third_Party/FreeRTOS/Source/portable/MemMang/heap_4.o
 .bss.xMinimumEverFreeBytesRemaining
                0x0000000020004fb4        0x4 Middlewares/Third_Party/FreeRTOS/Source/portable/MemMang/heap_4.o
 .bss.xNumberOfSuccessfulAllocations
                0x0000000020004fb8        0x4 Middlewares/Third_Party/FreeRTOS/Source/portable/MemMang/heap_4.o
 .bss.xNumberOfSuccessfulFrees
                0x0000000020004fbc        0x4 Middlewares/Third_Party/FreeRTOS/Source/portable/MemMang/heap_4.o
 .bss.xBlockAllocatedBit
                0x0000000020004fc0        0x4 Middlewares/Third_Party/FreeRTOS/Source/portable/MemMang/heap_4.o
 .bss.__malloc_free_list
                0x0000000020004fc4        0x4 d:/stm32cubeide/stm32cubeide_1.6.1/stm32cubeide/plugins/com.st.stm32cube.ide.mcu.externaltools.gnu-tools-for-stm32.9-2020-q2-update.win32_1.5.0.202011040924/tools/bin/../lib/gcc/arm-none-eabi/9.3.1/../../../../arm-none-eabi/lib/thumb/v7e-m+fp/hard\libc_nano.a(lib_a-nano-mallocr.o)
                0x0000000020004fc4                __malloc_free_list
 .bss.__malloc_sbrk_start
                0x0000000020004fc8        0x4 d:/stm32cubeide/stm32cubeide_1.6.1/stm32cubeide/plugins/com.st.stm32cube.ide.mcu.externaltools.gnu-tools-for-stm32.9-2020-q2-update.win32_1.5.0.202011040924/tools/bin/../lib/gcc/arm-none-eabi/9.3.1/../../../../arm-none-eabi/lib/thumb/v7e-m+fp/hard\libc_nano.a(lib_a-nano-mallocr.o)
                0x0000000020004fc8                __malloc_sbrk_start
 *(COMMON)
 COMMON         0x0000000020004fcc        0x4 Core/Src/active.o
                0x0000000020004fcc                ms_timer_inst
 COMMON         0x0000000020004fd0        0x4 Core/Src/cmd.o
                0x0000000020004fd0                cmd_base