stm32l4xx_ll_usart.h:675:22:LL_USART_Enable	16	static
stm32l4xx_ll_usart.h:2787:22:LL_USART_ConfigAsyncMode	16	static
stm32l4xx_ll_bus.h:565:22:LL_AHB2_GRP1_EnableClock	24	static
stm32l4xx_ll_bus.h:1089:22:LL_APB1_GRP1_EnableClock	24	static
main.c:94:5:main	16	static
main.c:178:6:SystemClock_Config	232	static
main.c:232:13:MX_SPI2_Init	8	static
main.c:271:13:MX_TIM3_Init	64	static
main.c:329:13:MX_USART2_UART_Init	64	static
main.c:379:13:MX_GPIO_Init	48	static
main.c:427:6:StartDefaultTask	16	static
main.c:458:6:HAL_TIM_PeriodElapsedCallback	16	static
main.c:476:6:Error_Handler	4	static,ignoring_inline_asm
