reflow.c:141:22:Reflow_reset_INIT	40	static
reflow.c:148:22:Reflow_reset_ENTRY	48	static
reflow.c:167:22:Reflow_preheat_ENTRY	16	static
reflow.c:175:22:Reflow_soak_ENTRY	16	static
reflow.c:184:22:Reflow_rampup_ENTRY	16	static
reflow.c:190:22:Reflow_peak_ENTRY	16	static
reflow.c:197:22:Reflow_cooldown_ENTRY	16	static
reflow.c:203:22:Reflow_reset_START	56	static
reflow.c:227:22:Reflow_preheat_REACHTEMP	40	static
reflow.c:234:22:Reflow_soak_REACHTIME	40	static
reflow.c:241:22:Reflow_rampup_REACHTEMP	40	static
reflow.c:248:22:Reflow_peak_REACHTIME	40	static
reflow.c:255:22:Reflow_cooldown_REACHTEMP	40	static
reflow.c:262:22:Reflow_STOP	16	static
reflow.c:270:22:Reflow_ignore	16	static
reflow.c:285:6:reflow_init	40	static
reflow.c:318:6:reflow_start	48	static
reflow.c:327:13:reflow_pid_iteration	168	static
reflow.c:378:17:reflow_status_cmd	24	static
reflow.c:395:17:reflow_start_cmd	16	static
reflow.c:403:17:reflow_stop_cmd	16	static
reflow.c:410:17:reflow_set_cmd	32	static
reflow.c:457:13:reflow_evt_handler	40	static
reflow.c:479:20:displayPIDParams	104	static
reflow.c:488:20:displayProfileParams	32	static
reflow.c:499:20:displayState	8	static
reflow.c:511:20:readTemperature	24	static
